******************************************************************************
                  TI ARM Linker PC v18.12.4                    
******************************************************************************
>> Linked Thu Sep 17 04:06:54 2020

OUTPUT FILE NAME:   <FreeRTOS_Semph.out>
ENTRY POINT SYMBOL: "_c_int00_noargs"  address: 0000594d


MEMORY CONFIGURATION

         name            origin    length      used     unused   attr    fill
----------------------  --------  ---------  --------  --------  ----  --------
  FLASH                 00000000   00040000  00005f5c  0003a0a4  R  X
  SRAM                  20000000   00008000  00005408  00002bf8  RW X


SEGMENT ALLOCATION MAP

run origin  load origin   length   init length attrs members
----------  ----------- ---------- ----------- ----- -------
00000000    00000000    00005f60   00005f60    r-x
  00000000    00000000    0000026c   0000026c    r-- .intvecs
  0000026c    0000026c    00005760   00005760    r-x .text
  000059cc    000059cc    00000540   00000540    r-- .const
  00005f10    00005f10    00000050   00000050    r-- .cinit
20000000    20000000    00005408   00000000    rw-
  20000000    20000000    0000026c   00000000    rw- .vtable
  2000026c    2000026c    00004f54   00000000    rw- .bss
  200051c0    200051c0    00000200   00000000    rw- .stack
  200053c0    200053c0    00000048   00000000    rw- .data


SECTION ALLOCATION MAP

 output                                  attributes/
section   page    origin      length       input sections
--------  ----  ----------  ----------   ----------------
.intvecs   0    00000000    0000026c     
                  00000000    0000026c     tm4c123gh6pm_startup_ccs.obj (.intvecs)

.text      0    0000026c    00005760     
                  0000026c    0000235c     main.obj (.text)
                  000025c8    00001c84     tasks.obj (.text)
                  0000424c    00000eb0     queue.obj (.text)
                  000050fc    000001c4     port.obj (.text)
                  000052c0    000001b8     heap_2.obj (.text)
                  00005478    00000132     list.obj (.text)
                  000055aa    00000002     driverlib.lib : interrupt.obj (.text:_IntDefaultHandler)
                  000055ac    000000da     portasm.obj (.text)
                  00005686    0000009c     rtsv7M4_T_le_v4SPD16_eabi.lib : memcpy_t2.asm.obj (.text)
                  00005722    0000007a                                   : memset_t2.asm.obj (.text)
                  0000579c    00000068     driverlib.lib : interrupt.obj (.text:IntDisable)
                  00005804    00000068                   : interrupt.obj (.text:IntEnable)
                  0000586c    00000068     rtsv7M4_T_le_v4SPD16_eabi.lib : copy_decompress_lzss.c.obj (.text:decompress:lzss:__TI_decompress_lzss)
                  000058d4    00000044                                   : autoinit.c.obj (.text:__TI_auto_init_nobinit_nopinit:__TI_auto_init_nobinit_nopinit)
                  00005918    00000034     driverlib.lib : interrupt.obj (.text:IntRegister)
                  0000594c    00000034     rtsv7M4_T_le_v4SPD16_eabi.lib : boot_cortex_m.c.obj (.text:_c_int00_noargs:_c_int00_noargs)
                  00005980    00000014     driverlib.lib : interrupt.obj (.text:IntUnregister)
                  00005994    0000000e     rtsv7M4_T_le_v4SPD16_eabi.lib : copy_decompress_none.c.obj (.text:decompress:none:__TI_decompress_none)
                  000059a2    0000000c                                   : copy_zero_init.c.obj (.text:decompress:ZI:__TI_zero_init)
                  000059ae    0000000c     tm4c123gh6pm_startup_ccs.obj (.text)
                  000059ba    00000006     main.obj (.text:SysCtlDelay)
                  000059c0    00000004     driverlib.lib : cpu.obj (.text:CPUwfi)
                  000059c4    00000004     rtsv7M4_T_le_v4SPD16_eabi.lib : pre_init.c.obj (.text:_system_pre_init)
                  000059c8    00000004                                   : exit.c.obj (.text:abort:abort)

.const     0    000059cc    00000540     
                  000059cc    000001b0     main.obj (.const:g_pppui32XTALtoVCO)
                  00005b7c    000000d8     main.obj (.const:g_ppui32GPIOIntMapSnowflake)
                  00005c54    000000c0     main.obj (.const:g_ppui32GPIOIntMapBlizzard)
                  00005d14    00000090     main.obj (.const:g_pui32GPIOBaseAddrs)
                  00005da4    0000006c     main.obj (.const:g_pui32Xtals)
                  00005e10    00000040     main.obj (.const:g_ppui32UARTIntMap)
                  00005e50    00000040     main.obj (.const:g_ppui32UARTIntMapSnowflake)
                  00005e90    00000030     main.obj (.const:g_sXTALtoMEMTIM)
                  00005ec0    00000014     driverlib.lib : interrupt.obj (.const:g_pui32Dii16Regs)
                  00005ed4    00000014                   : interrupt.obj (.const:g_pui32EnRegs)
                  00005ee8    00000013     main.obj (.const:.string:$P$T0$1)
                  00005efb    00000001     --HOLE-- [fill = 0]
                  00005efc    00000008     main.obj (.const:g_pui32VCOFrequencies)
                  00005f04    00000008     port.obj (.const)

.cinit     0    00005f10    00000050     
                  00005f10    0000001b     (.cinit..data.load) [load image, compression = lzss]
                  00005f2b    00000001     --HOLE-- [fill = 0]
                  00005f2c    0000000c     (__TI_handler_table)
                  00005f38    00000008     (.cinit..bss.load) [load image, compression = zero_init]
                  00005f40    00000008     (.cinit..vtable.load) [load image, compression = zero_init]
                  00005f48    00000018     (__TI_cinit_table)

.init_array 
*          0    00000000    00000000     UNINITIALIZED

.vtable    0    20000000    0000026c     UNINITIALIZED
                  20000000    0000026c     driverlib.lib : interrupt.obj (.vtable)

.bss       0    2000026c    00004f54     UNINITIALIZED
                  2000026c    00004e20     heap_2.obj (.bss:ucHeap)
                  2000508c    00000064     tasks.obj (.bss:pxReadyTasksLists)
                  200050f0    00000050     (.common:xQueueRegistry)
                  20005140    00000014     tasks.obj (.bss:xDelayedTaskList1)
                  20005154    00000014     tasks.obj (.bss:xDelayedTaskList2)
                  20005168    00000014     tasks.obj (.bss:xPendingReadyList)
                  2000517c    00000014     tasks.obj (.bss:xSuspendedTaskList)
                  20005190    00000014     tasks.obj (.bss:xTasksWaitingTermination)
                  200051a4    00000008     tasks.obj (.bss)
                  200051ac    00000008     heap_2.obj (.bss:xEnd)
                  200051b4    00000008     heap_2.obj (.bss:xStart)
                  200051bc    00000004     (.common:serialHandle)

.data      0    200053c0    00000048     UNINITIALIZED
                  200053c0    00000034     tasks.obj (.data)
                  200053f4    0000000c     port.obj (.data)
                  20005400    00000008     heap_2.obj (.data)

.stack     0    200051c0    00000200     UNINITIALIZED
                  200051c0    00000004     rtsv7M4_T_le_v4SPD16_eabi.lib : boot_cortex_m.c.obj (.stack)
                  200051c4    000001fc     --HOLE--

MODULE SUMMARY

       Module                         code    ro data   rw data
       ------                         ----    -------   -------
    .\
       heap_2.obj                     440     0         20024  
       main.obj                       9058    1295      4      
       tasks.obj                      7300    0         260    
       queue.obj                      3760    0         80     
       tm4c123gh6pm_startup_ccs.obj   12      620       0      
       port.obj                       452     8         12     
       list.obj                       306     0         0      
       portasm.obj                    218     0         0      
    +--+------------------------------+-------+---------+---------+
       Total:                         21546   1923      20380  
                                                               
    C:\ti\ccs930\ccs\tools\compiler\ti-cgt-arm_18.12.4.LTS\lib\rtsv7M4_T_le_v4SPD16_eabi.lib
       memcpy_t2.asm.obj              156     0         0      
       memset_t2.asm.obj              122     0         0      
       copy_decompress_lzss.c.obj     104     0         0      
       autoinit.c.obj                 68      0         0      
       boot_cortex_m.c.obj            52      0         0      
       copy_decompress_none.c.obj     14      0         0      
       copy_zero_init.c.obj           12      0         0      
       exit.c.obj                     4       0         0      
       pre_init.c.obj                 4       0         0      
    +--+------------------------------+-------+---------+---------+
       Total:                         536     0         0      
                                                               
    E:/Embedded Systems/Tiva C/driverlib/ccs/Debug/driverlib.lib
       interrupt.obj                  282     40        620    
       cpu.obj                        4       0         0      
    +--+------------------------------+-------+---------+---------+
       Total:                         286     40        620    
                                                               
       Stack:                         0       0         512    
       Linker Generated:              0       79        0      
    +--+------------------------------+-------+---------+---------+
       Grand Total:                   22368   2042      21512  


LINKER GENERATED COPY TABLES

__TI_cinit_table @ 00005f48 records: 3, size/record: 8, table size: 24
	.data: load addr=00005f10, load size=0000001b bytes, run addr=200053c0, run size=00000048 bytes, compression=lzss
	.bss: load addr=00005f38, load size=00000008 bytes, run addr=2000026c, run size=00004f54 bytes, compression=zero_init
	.vtable: load addr=00005f40, load size=00000008 bytes, run addr=20000000, run size=0000026c bytes, compression=zero_init


LINKER GENERATED HANDLER TABLE

__TI_handler_table @ 00005f2c records: 3, size/record: 4, table size: 12
	index: 0, handler: __TI_zero_init
	index: 1, handler: __TI_decompress_lzss
	index: 2, handler: __TI_decompress_none


GLOBAL SYMBOLS: SORTED ALPHABETICALLY BY Name 

address   name                               
-------   ----                               
000059c9  C$$EXIT                            
000059c1  CPUwfi                             
00001db1  GPIOADCTriggerDisable              
00001d93  GPIOADCTriggerEnable               
00001d75  GPIODMATriggerDisable              
00001d57  GPIODMATriggerEnable               
00001285  GPIODirModeGet                     
00001229  GPIODirModeSet                     
0000185b  GPIOIntClear                       
0000181f  GPIOIntDisable                     
00001805  GPIOIntEnable                      
0000186f  GPIOIntRegister                    
000018a7  GPIOIntRegisterPin                 
00001839  GPIOIntStatus                      
0000138d  GPIOIntTypeGet                     
000012e1  GPIOIntTypeSet                     
0000188d  GPIOIntUnregister                  
000018d5  GPIOIntUnregisterPin               
00001689  GPIOPadConfigGet                   
00001425  GPIOPadConfigSet                   
00001cf9  GPIOPinConfigure                   
000018f9  GPIOPinRead                        
00001931  GPIOPinTypeADC                     
00001955  GPIOPinTypeCAN                     
00001979  GPIOPinTypeComparator              
0000199d  GPIOPinTypeComparatorOutput        
000019c1  GPIOPinTypeDIVSCLK                 
000019e5  GPIOPinTypeEPI                     
00001a09  GPIOPinTypeEthernetLED             
00001a2d  GPIOPinTypeEthernetMII             
00001a51  GPIOPinTypeGPIOInput               
00001a75  GPIOPinTypeGPIOOutput              
00001aa5  GPIOPinTypeGPIOOutputOD            
00001ac9  GPIOPinTypeHibernateRTCCLK         
00001aed  GPIOPinTypeI2C                     
00001b11  GPIOPinTypeI2CSCL                  
00001b35  GPIOPinTypeLCD                     
00001b59  GPIOPinTypeOneWire                 
00001b7d  GPIOPinTypePWM                     
00001ba1  GPIOPinTypeQEI                     
00001bc5  GPIOPinTypeSSI                     
00001be9  GPIOPinTypeTimer                   
00001c0d  GPIOPinTypeTrace                   
00001c31  GPIOPinTypeUART                    
00001c55  GPIOPinTypeUSBAnalog               
00001c79  GPIOPinTypeUSBDigital              
00001c9d  GPIOPinTypeWakeHigh                
00001cc3  GPIOPinTypeWakeLow                 
00001ce9  GPIOPinWakeStatus                  
00001911  GPIOPinWrite                       
00001dcf  GPIOUnlockPin                      
0000579d  IntDisable                         
00005805  IntEnable                          
00005919  IntRegister                        
00005981  IntUnregister                      
000059af  ResetISR                           
000011a9  SysCtlAltClkConfig                 
000008d1  SysCtlClockFreqSet                 
00000d99  SysCtlClockGet                     
0000118d  SysCtlClockOutConfig               
00000bc9  SysCtlClockSet                     
000007d5  SysCtlDeepSleep                    
00000f5d  SysCtlDeepSleepClockConfigSet      
00000f3f  SysCtlDeepSleepClockSet            
000007b5  SysCtlDeepSleepPowerSet            
000059bb  SysCtlDelay                        
00000363  SysCtlFlashSectorSizeGet           
00000337  SysCtlFlashSizeGet                 
00001033  SysCtlGPIOAHBDisable               
00001017  SysCtlGPIOAHBEnable                
00000749  SysCtlIntClear                     
00000731  SysCtlIntDisable                   
0000071d  SysCtlIntEnable                    
000006f5  SysCtlIntRegister                  
00000759  SysCtlIntStatus                    
0000070d  SysCtlIntUnregister                
0000079b  SysCtlLDODeepSleepGet              
0000078b  SysCtlLDODeepSleepSet              
00000785  SysCtlLDOSleepGet                  
00000775  SysCtlLDOSleepSet                  
0000080b  SysCtlMOSCConfigSet                
00001171  SysCtlNMIClear                     
0000115d  SysCtlNMIStatus                    
00000821  SysCtlPIOSCCalibrate               
00001001  SysCtlPWMClockGet                  
00000fe7  SysCtlPWMClockSet                  
000006a1  SysCtlPeripheralClockGating        
00000659  SysCtlPeripheralDeepSleepDisable   
00000609  SysCtlPeripheralDeepSleepEnable    
00000545  SysCtlPeripheralDisable            
00000509  SysCtlPeripheralEnable             
00000445  SysCtlPeripheralPowerOff           
00000409  SysCtlPeripheralPowerOn            
00000389  SysCtlPeripheralPresent            
000003c9  SysCtlPeripheralReady              
00000481  SysCtlPeripheralReset              
000005cd  SysCtlPeripheralSleepDisable       
00000589  SysCtlPeripheralSleepEnable        
000007c5  SysCtlReset                        
00000881  SysCtlResetBehaviorGet             
00000871  SysCtlResetBehaviorSet             
000007f7  SysCtlResetCauseClear              
000007f1  SysCtlResetCauseGet                
0000032d  SysCtlSRAMSizeGet                  
000007cd  SysCtlSleep                        
000007a1  SysCtlSleepPowerSet                
0000105b  SysCtlUSBPLLDisable                
0000104f  SysCtlUSBPLLEnable                 
000010a1  SysCtlVCOGet                       
00001089  SysCtlVoltageEventClear            
0000106d  SysCtlVoltageEventConfig           
0000107d  SysCtlVoltageEventStatus           
00002431  Task_A                             
0000245f  Task_B                             
000023d3  UART9BitAddrSend                   
000023ad  UART9BitAddrSet                    
00002397  UART9BitDisable                    
00002381  UART9BitEnable                     
00002227  UARTBreakCtl                       
00002251  UARTBusy                           
000021cf  UARTCharGet                        
000021b3  UARTCharGetNonBlocking             
00002209  UARTCharPut                        
000021e5  UARTCharPutNonBlocking             
00002177  UARTCharsAvail                     
00002371  UARTClockSourceGet                 
0000235d  UARTClockSourceSet                 
00001f37  UARTConfigGetExpClk                
00001ec1  UARTConfigSetExpClk                
00002323  UARTDMADisable                     
0000230b  UARTDMAEnable                      
00001fa7  UARTDisable                        
00002035  UARTDisableSIR                     
00001f83  UARTEnable                         
00002007  UARTEnableSIR                      
00001ff1  UARTFIFODisable                    
00001fd5  UARTFIFOEnable                     
00001e99  UARTFIFOLevelGet                   
00001e81  UARTFIFOLevelSet                   
00002137  UARTFlowControlGet                 
0000211b  UARTFlowControlSet                 
000022f9  UARTIntClear                       
000022c3  UARTIntDisable                     
000022ab  UARTIntEnable                      
0000226f  UARTIntRegister                    
000022db  UARTIntStatus                      
00002291  UARTIntUnregister                  
0000241b  UARTLoopbackEnable                 
000020d1  UARTModemControlClear              
000020f5  UARTModemControlGet                
00002099  UARTModemControlSet                
00002107  UARTModemStatusGet                 
00001e6f  UARTParityModeGet                  
00001e53  UARTParityModeSet                  
0000234d  UARTRxErrorClear                   
0000233b  UARTRxErrorGet                     
0000207d  UARTSmartCardDisable               
0000204b  UARTSmartCardEnable                
00002195  UARTSpaceAvail                     
00002165  UARTTxIntModeGet                   
00002149  UARTTxIntModeSet                   
200053c0  __STACK_END                        
00000200  __STACK_SIZE                       
200053c0  __STACK_TOP                        
00005f48  __TI_CINIT_Base                    
00005f60  __TI_CINIT_Limit                   
00005f2c  __TI_Handler_Table_Base            
00005f38  __TI_Handler_Table_Limit           
000058d5  __TI_auto_init_nobinit_nopinit     
0000586d  __TI_decompress_lzss               
00005995  __TI_decompress_none               
ffffffff  __TI_pprof_out_hndl                
ffffffff  __TI_prof_data_size                
ffffffff  __TI_prof_data_start               
00000000  __TI_static_base__                 
000059a3  __TI_zero_init                     
00005723  __aeabi_memclr                     
00005723  __aeabi_memclr4                    
00005723  __aeabi_memclr8                    
00005687  __aeabi_memcpy                     
00005687  __aeabi_memcpy4                    
00005687  __aeabi_memcpy8                    
00005725  __aeabi_memset                     
00005725  __aeabi_memset4                    
00005725  __aeabi_memset8                    
ffffffff  __binit__                          
ffffffff  __c_args__                         
UNDEFED   __mpu_init                         
200051c0  __stack                            
0000594d  _c_int00_noargs                    
UNDEFED   _system_post_cinit                 
000059c5  _system_pre_init                   
000059c9  abort                              
ffffffff  binit                              
0000296d  eTaskGetState                      
20000000  g_pfnRAMVectors                    
00000000  g_pfnVectors                       
00002497  main                               
00005687  memcpy                             
0000572b  memset                             
00004f47  pcQueueGetName                     
00002fb7  pcTaskGetName                      
000052c1  pvPortMalloc                       
00003c3f  pvTaskIncrementMutexHeldCount      
200053c0  pxCurrentTCB                       
000050fd  pxPortInitialiseStack              
200051bc  serialHandle                       
00004c89  ucQueueGetQueueType                
00005f04  ulMaxSyscallInterruptPriority      
000055bd  ulPortGetIPSR                      
00003c65  ulTaskGenericNotifyTake            
00004145  ulTaskGenericNotifyValueClear      
00005563  uxListRemove                       
00004c69  uxQueueGetQueueNumber              
00004c07  uxQueueMessagesWaiting             
00004c3d  uxQueueMessagesWaitingFromISR      
00004c1d  uxQueueSpacesAvailable             
00002fb1  uxTaskGetNumberOfTasks             
00003951  uxTaskGetStackHighWaterMark        
00003149  uxTaskGetSystemState               
000036bb  uxTaskGetTaskNumber                
00002a35  uxTaskPriorityGet                  
00002a61  uxTaskPriorityGetFromISR           
00003c19  uxTaskResetEventItemValue          
00005479  vListInitialise                    
000054a9  vListInitialiseItem                
000054f5  vListInsert                        
000054b9  vListInsertEnd                     
00005679  vPortEnableVFP                     
000051fb  vPortEndScheduler                  
000051fd  vPortEnterCritical                 
0000521d  vPortExitCritical                  
000053b9  vPortFree                          
0000541d  vPortInitialiseBlocks              
00005635  vPortSVCHandler                    
00005259  vPortSetupTimerInterrupt           
00005655  vPortStartFirstTask                
00005275  vPortValidateInterruptPriority     
00004f05  vQueueAddToRegistry                
00004c53  vQueueDelete                       
00004c77  vQueueSetQueueNumber               
00004f87  vQueueUnregisterQueue              
00002927  vTaskDelay                         
00002879  vTaskDelayUntil                    
000027e9  vTaskDelete                        
00002e41  vTaskEndScheduler                  
0000402f  vTaskGenericNotifyGiveFromISR      
000037bd  vTaskGetInfo                       
000035ed  vTaskInternalSetTimeOutState       
000036b3  vTaskMissedYield                   
00003471  vTaskPlaceOnEventList              
00003491  vTaskPlaceOnUnorderedEventList     
00003b61  vTaskPriorityDisinheritAfterTimeout
00002aad  vTaskPrioritySet                   
0000355d  vTaskRemoveFromUnorderedEventList  
00002cd5  vTaskResume                        
000036db  vTaskSetTaskNumber                 
000035c5  vTaskSetTimeOutState               
00002df1  vTaskStartScheduler                
00002bc1  vTaskSuspend                       
00002e5d  vTaskSuspendAll                    
000033eb  vTaskSwitchContext                 
00005417  xPortGetFreeHeapSize               
000055d5  xPortPendSVHandler                 
00005167  xPortStartScheduler                
00005233  xPortSysTickHandler                
00004fdf  xQueueAddToSet                     
00004457  xQueueCreateCountingSemaphore      
000043a7  xQueueCreateMutex                  
00004fcb  xQueueCreateSet                    
000042ed  xQueueGenericCreate                
0000424d  xQueueGenericReset                 
00004477  xQueueGenericSend                  
000045e1  xQueueGenericSendFromISR           
000046ad  xQueueGiveFromISR                  
000043d3  xQueueGiveMutexRecursive           
00004e99  xQueueIsQueueEmptyFromISR          
00004edf  xQueueIsQueueFullFromISR           
000049e9  xQueuePeek                         
00004bb1  xQueuePeekFromISR                  
0000475f  xQueueReceive                      
00004b13  xQueueReceiveFromISR               
200050f0  xQueueRegistry                     
00005013  xQueueRemoveFromSet                
00005055  xQueueSelectFromSet                
00005071  xQueueSelectFromSetFromISR         
00004887  xQueueSemaphoreTake                
0000440f  xQueueTakeMutexRecursive           
00003249  xTaskAbortDelay                    
00003221  xTaskCatchUpTicks                  
00003607  xTaskCheckForTimeOut               
000025c9  xTaskCreate                        
00003ddd  xTaskGenericNotify                 
00003ef9  xTaskGenericNotifyFromISR          
000040f3  xTaskGenericNotifyStateClear       
00003d15  xTaskGenericNotifyWait             
000039c1  xTaskGetCurrentTaskHandle          
000030bd  xTaskGetHandle                     
0000321b  xTaskGetIdleTaskHandle             
000039e1  xTaskGetSchedulerState             
00002f65  xTaskGetTickCount                  
00002f7d  xTaskGetTickCountFromISR           
000032dd  xTaskIncrementTick                 
00003adb  xTaskPriorityDisinherit            
00003a1d  xTaskPriorityInherit               
000034cd  xTaskRemoveFromEventList           
00002e71  xTaskResumeAll                     
00002d53  xTaskResumeFromISR                 


GLOBAL SYMBOLS: SORTED BY Symbol Address 

address   name                               
-------   ----                               
00000000  __TI_static_base__                 
00000000  g_pfnVectors                       
00000200  __STACK_SIZE                       
0000032d  SysCtlSRAMSizeGet                  
00000337  SysCtlFlashSizeGet                 
00000363  SysCtlFlashSectorSizeGet           
00000389  SysCtlPeripheralPresent            
000003c9  SysCtlPeripheralReady              
00000409  SysCtlPeripheralPowerOn            
00000445  SysCtlPeripheralPowerOff           
00000481  SysCtlPeripheralReset              
00000509  SysCtlPeripheralEnable             
00000545  SysCtlPeripheralDisable            
00000589  SysCtlPeripheralSleepEnable        
000005cd  SysCtlPeripheralSleepDisable       
00000609  SysCtlPeripheralDeepSleepEnable    
00000659  SysCtlPeripheralDeepSleepDisable   
000006a1  SysCtlPeripheralClockGating        
000006f5  SysCtlIntRegister                  
0000070d  SysCtlIntUnregister                
0000071d  SysCtlIntEnable                    
00000731  SysCtlIntDisable                   
00000749  SysCtlIntClear                     
00000759  SysCtlIntStatus                    
00000775  SysCtlLDOSleepSet                  
00000785  SysCtlLDOSleepGet                  
0000078b  SysCtlLDODeepSleepSet              
0000079b  SysCtlLDODeepSleepGet              
000007a1  SysCtlSleepPowerSet                
000007b5  SysCtlDeepSleepPowerSet            
000007c5  SysCtlReset                        
000007cd  SysCtlSleep                        
000007d5  SysCtlDeepSleep                    
000007f1  SysCtlResetCauseGet                
000007f7  SysCtlResetCauseClear              
0000080b  SysCtlMOSCConfigSet                
00000821  SysCtlPIOSCCalibrate               
00000871  SysCtlResetBehaviorSet             
00000881  SysCtlResetBehaviorGet             
000008d1  SysCtlClockFreqSet                 
00000bc9  SysCtlClockSet                     
00000d99  SysCtlClockGet                     
00000f3f  SysCtlDeepSleepClockSet            
00000f5d  SysCtlDeepSleepClockConfigSet      
00000fe7  SysCtlPWMClockSet                  
00001001  SysCtlPWMClockGet                  
00001017  SysCtlGPIOAHBEnable                
00001033  SysCtlGPIOAHBDisable               
0000104f  SysCtlUSBPLLEnable                 
0000105b  SysCtlUSBPLLDisable                
0000106d  SysCtlVoltageEventConfig           
0000107d  SysCtlVoltageEventStatus           
00001089  SysCtlVoltageEventClear            
000010a1  SysCtlVCOGet                       
0000115d  SysCtlNMIStatus                    
00001171  SysCtlNMIClear                     
0000118d  SysCtlClockOutConfig               
000011a9  SysCtlAltClkConfig                 
00001229  GPIODirModeSet                     
00001285  GPIODirModeGet                     
000012e1  GPIOIntTypeSet                     
0000138d  GPIOIntTypeGet                     
00001425  GPIOPadConfigSet                   
00001689  GPIOPadConfigGet                   
00001805  GPIOIntEnable                      
0000181f  GPIOIntDisable                     
00001839  GPIOIntStatus                      
0000185b  GPIOIntClear                       
0000186f  GPIOIntRegister                    
0000188d  GPIOIntUnregister                  
000018a7  GPIOIntRegisterPin                 
000018d5  GPIOIntUnregisterPin               
000018f9  GPIOPinRead                        
00001911  GPIOPinWrite                       
00001931  GPIOPinTypeADC                     
00001955  GPIOPinTypeCAN                     
00001979  GPIOPinTypeComparator              
0000199d  GPIOPinTypeComparatorOutput        
000019c1  GPIOPinTypeDIVSCLK                 
000019e5  GPIOPinTypeEPI                     
00001a09  GPIOPinTypeEthernetLED             
00001a2d  GPIOPinTypeEthernetMII             
00001a51  GPIOPinTypeGPIOInput               
00001a75  GPIOPinTypeGPIOOutput              
00001aa5  GPIOPinTypeGPIOOutputOD            
00001ac9  GPIOPinTypeHibernateRTCCLK         
00001aed  GPIOPinTypeI2C                     
00001b11  GPIOPinTypeI2CSCL                  
00001b35  GPIOPinTypeLCD                     
00001b59  GPIOPinTypeOneWire                 
00001b7d  GPIOPinTypePWM                     
00001ba1  GPIOPinTypeQEI                     
00001bc5  GPIOPinTypeSSI                     
00001be9  GPIOPinTypeTimer                   
00001c0d  GPIOPinTypeTrace                   
00001c31  GPIOPinTypeUART                    
00001c55  GPIOPinTypeUSBAnalog               
00001c79  GPIOPinTypeUSBDigital              
00001c9d  GPIOPinTypeWakeHigh                
00001cc3  GPIOPinTypeWakeLow                 
00001ce9  GPIOPinWakeStatus                  
00001cf9  GPIOPinConfigure                   
00001d57  GPIODMATriggerEnable               
00001d75  GPIODMATriggerDisable              
00001d93  GPIOADCTriggerEnable               
00001db1  GPIOADCTriggerDisable              
00001dcf  GPIOUnlockPin                      
00001e53  UARTParityModeSet                  
00001e6f  UARTParityModeGet                  
00001e81  UARTFIFOLevelSet                   
00001e99  UARTFIFOLevelGet                   
00001ec1  UARTConfigSetExpClk                
00001f37  UARTConfigGetExpClk                
00001f83  UARTEnable                         
00001fa7  UARTDisable                        
00001fd5  UARTFIFOEnable                     
00001ff1  UARTFIFODisable                    
00002007  UARTEnableSIR                      
00002035  UARTDisableSIR                     
0000204b  UARTSmartCardEnable                
0000207d  UARTSmartCardDisable               
00002099  UARTModemControlSet                
000020d1  UARTModemControlClear              
000020f5  UARTModemControlGet                
00002107  UARTModemStatusGet                 
0000211b  UARTFlowControlSet                 
00002137  UARTFlowControlGet                 
00002149  UARTTxIntModeSet                   
00002165  UARTTxIntModeGet                   
00002177  UARTCharsAvail                     
00002195  UARTSpaceAvail                     
000021b3  UARTCharGetNonBlocking             
000021cf  UARTCharGet                        
000021e5  UARTCharPutNonBlocking             
00002209  UARTCharPut                        
00002227  UARTBreakCtl                       
00002251  UARTBusy                           
0000226f  UARTIntRegister                    
00002291  UARTIntUnregister                  
000022ab  UARTIntEnable                      
000022c3  UARTIntDisable                     
000022db  UARTIntStatus                      
000022f9  UARTIntClear                       
0000230b  UARTDMAEnable                      
00002323  UARTDMADisable                     
0000233b  UARTRxErrorGet                     
0000234d  UARTRxErrorClear                   
0000235d  UARTClockSourceSet                 
00002371  UARTClockSourceGet                 
00002381  UART9BitEnable                     
00002397  UART9BitDisable                    
000023ad  UART9BitAddrSet                    
000023d3  UART9BitAddrSend                   
0000241b  UARTLoopbackEnable                 
00002431  Task_A                             
0000245f  Task_B                             
00002497  main                               
000025c9  xTaskCreate                        
000027e9  vTaskDelete                        
00002879  vTaskDelayUntil                    
00002927  vTaskDelay                         
0000296d  eTaskGetState                      
00002a35  uxTaskPriorityGet                  
00002a61  uxTaskPriorityGetFromISR           
00002aad  vTaskPrioritySet                   
00002bc1  vTaskSuspend                       
00002cd5  vTaskResume                        
00002d53  xTaskResumeFromISR                 
00002df1  vTaskStartScheduler                
00002e41  vTaskEndScheduler                  
00002e5d  vTaskSuspendAll                    
00002e71  xTaskResumeAll                     
00002f65  xTaskGetTickCount                  
00002f7d  xTaskGetTickCountFromISR           
00002fb1  uxTaskGetNumberOfTasks             
00002fb7  pcTaskGetName                      
000030bd  xTaskGetHandle                     
00003149  uxTaskGetSystemState               
0000321b  xTaskGetIdleTaskHandle             
00003221  xTaskCatchUpTicks                  
00003249  xTaskAbortDelay                    
000032dd  xTaskIncrementTick                 
000033eb  vTaskSwitchContext                 
00003471  vTaskPlaceOnEventList              
00003491  vTaskPlaceOnUnorderedEventList     
000034cd  xTaskRemoveFromEventList           
0000355d  vTaskRemoveFromUnorderedEventList  
000035c5  vTaskSetTimeOutState               
000035ed  vTaskInternalSetTimeOutState       
00003607  xTaskCheckForTimeOut               
000036b3  vTaskMissedYield                   
000036bb  uxTaskGetTaskNumber                
000036db  vTaskSetTaskNumber                 
000037bd  vTaskGetInfo                       
00003951  uxTaskGetStackHighWaterMark        
000039c1  xTaskGetCurrentTaskHandle          
000039e1  xTaskGetSchedulerState             
00003a1d  xTaskPriorityInherit               
00003adb  xTaskPriorityDisinherit            
00003b61  vTaskPriorityDisinheritAfterTimeout
00003c19  uxTaskResetEventItemValue          
00003c3f  pvTaskIncrementMutexHeldCount      
00003c65  ulTaskGenericNotifyTake            
00003d15  xTaskGenericNotifyWait             
00003ddd  xTaskGenericNotify                 
00003ef9  xTaskGenericNotifyFromISR          
0000402f  vTaskGenericNotifyGiveFromISR      
000040f3  xTaskGenericNotifyStateClear       
00004145  ulTaskGenericNotifyValueClear      
0000424d  xQueueGenericReset                 
000042ed  xQueueGenericCreate                
000043a7  xQueueCreateMutex                  
000043d3  xQueueGiveMutexRecursive           
0000440f  xQueueTakeMutexRecursive           
00004457  xQueueCreateCountingSemaphore      
00004477  xQueueGenericSend                  
000045e1  xQueueGenericSendFromISR           
000046ad  xQueueGiveFromISR                  
0000475f  xQueueReceive                      
00004887  xQueueSemaphoreTake                
000049e9  xQueuePeek                         
00004b13  xQueueReceiveFromISR               
00004bb1  xQueuePeekFromISR                  
00004c07  uxQueueMessagesWaiting             
00004c1d  uxQueueSpacesAvailable             
00004c3d  uxQueueMessagesWaitingFromISR      
00004c53  vQueueDelete                       
00004c69  uxQueueGetQueueNumber              
00004c77  vQueueSetQueueNumber               
00004c89  ucQueueGetQueueType                
00004e99  xQueueIsQueueEmptyFromISR          
00004edf  xQueueIsQueueFullFromISR           
00004f05  vQueueAddToRegistry                
00004f47  pcQueueGetName                     
00004f87  vQueueUnregisterQueue              
00004fcb  xQueueCreateSet                    
00004fdf  xQueueAddToSet                     
00005013  xQueueRemoveFromSet                
00005055  xQueueSelectFromSet                
00005071  xQueueSelectFromSetFromISR         
000050fd  pxPortInitialiseStack              
00005167  xPortStartScheduler                
000051fb  vPortEndScheduler                  
000051fd  vPortEnterCritical                 
0000521d  vPortExitCritical                  
00005233  xPortSysTickHandler                
00005259  vPortSetupTimerInterrupt           
00005275  vPortValidateInterruptPriority     
000052c1  pvPortMalloc                       
000053b9  vPortFree                          
00005417  xPortGetFreeHeapSize               
0000541d  vPortInitialiseBlocks              
00005479  vListInitialise                    
000054a9  vListInitialiseItem                
000054b9  vListInsertEnd                     
000054f5  vListInsert                        
00005563  uxListRemove                       
000055bd  ulPortGetIPSR                      
000055d5  xPortPendSVHandler                 
00005635  vPortSVCHandler                    
00005655  vPortStartFirstTask                
00005679  vPortEnableVFP                     
00005687  __aeabi_memcpy                     
00005687  __aeabi_memcpy4                    
00005687  __aeabi_memcpy8                    
00005687  memcpy                             
00005723  __aeabi_memclr                     
00005723  __aeabi_memclr4                    
00005723  __aeabi_memclr8                    
00005725  __aeabi_memset                     
00005725  __aeabi_memset4                    
00005725  __aeabi_memset8                    
0000572b  memset                             
0000579d  IntDisable                         
00005805  IntEnable                          
0000586d  __TI_decompress_lzss               
000058d5  __TI_auto_init_nobinit_nopinit     
00005919  IntRegister                        
0000594d  _c_int00_noargs                    
00005981  IntUnregister                      
00005995  __TI_decompress_none               
000059a3  __TI_zero_init                     
000059af  ResetISR                           
000059bb  SysCtlDelay                        
000059c1  CPUwfi                             
000059c5  _system_pre_init                   
000059c9  C$$EXIT                            
000059c9  abort                              
00005f04  ulMaxSyscallInterruptPriority      
00005f2c  __TI_Handler_Table_Base            
00005f38  __TI_Handler_Table_Limit           
00005f48  __TI_CINIT_Base                    
00005f60  __TI_CINIT_Limit                   
20000000  g_pfnRAMVectors                    
200050f0  xQueueRegistry                     
200051bc  serialHandle                       
200051c0  __stack                            
200053c0  __STACK_END                        
200053c0  __STACK_TOP                        
200053c0  pxCurrentTCB                       
ffffffff  __TI_pprof_out_hndl                
ffffffff  __TI_prof_data_size                
ffffffff  __TI_prof_data_start               
ffffffff  __binit__                          
ffffffff  __c_args__                         
ffffffff  binit                              
UNDEFED   __mpu_init                         
UNDEFED   _system_post_cinit                 

[308 symbols]
