<?xml version="1.0" encoding="ISO-8859-1" ?>
<link_info>
   <banner>TI ARM Linker PC v18.12.4.LTS</banner>
   <copyright>Copyright (c) 1996-2018 Texas Instruments Incorporated</copyright>
   <link_time>0x5f62c4be</link_time>
   <link_errors>0x0</link_errors>
   <output_file>FreeRTOS_Semph.out</output_file>
   <entry_point>
      <name>_c_int00_noargs</name>
      <address>0x594d</address>
   </entry_point>
   <input_file_list>
      <input_file id="fl-2">
         <path>.\</path>
         <kind>object</kind>
         <file>heap_2.obj</file>
         <name>heap_2.obj</name>
      </input_file>
      <input_file id="fl-3">
         <path>.\</path>
         <kind>object</kind>
         <file>list.obj</file>
         <name>list.obj</name>
      </input_file>
      <input_file id="fl-4">
         <path>.\</path>
         <kind>object</kind>
         <file>main.obj</file>
         <name>main.obj</name>
      </input_file>
      <input_file id="fl-5">
         <path>.\</path>
         <kind>object</kind>
         <file>port.obj</file>
         <name>port.obj</name>
      </input_file>
      <input_file id="fl-6">
         <path>.\</path>
         <kind>object</kind>
         <file>portasm.obj</file>
         <name>portasm.obj</name>
      </input_file>
      <input_file id="fl-7">
         <path>.\</path>
         <kind>object</kind>
         <file>queue.obj</file>
         <name>queue.obj</name>
      </input_file>
      <input_file id="fl-8">
         <path>.\</path>
         <kind>object</kind>
         <file>tasks.obj</file>
         <name>tasks.obj</name>
      </input_file>
      <input_file id="fl-9">
         <path>.\</path>
         <kind>object</kind>
         <file>tm4c123gh6pm_startup_ccs.obj</file>
         <name>tm4c123gh6pm_startup_ccs.obj</name>
      </input_file>
      <input_file id="fl-e">
         <kind>object</kind>
         <file>&lt;internal&gt;</file>
         <name>&lt;internal&gt;</name>
      </input_file>
      <input_file id="fl-f">
         <path>E:\Embedded Systems\Tiva C\driverlib\ccs\Debug\</path>
         <kind>archive</kind>
         <file>driverlib.lib</file>
         <name>cpu.obj</name>
      </input_file>
      <input_file id="fl-10">
         <path>E:\Embedded Systems\Tiva C\driverlib\ccs\Debug\</path>
         <kind>archive</kind>
         <file>driverlib.lib</file>
         <name>interrupt.obj</name>
      </input_file>
      <input_file id="fl-c6">
         <path>C:\ti\ccs930\ccs\tools\compiler\ti-cgt-arm_18.12.4.LTS\lib\</path>
         <kind>archive</kind>
         <file>rtsv7M4_T_le_v4SPD16_eabi.lib</file>
         <name>memcpy_t2.asm.obj</name>
      </input_file>
      <input_file id="fl-c7">
         <path>C:\ti\ccs930\ccs\tools\compiler\ti-cgt-arm_18.12.4.LTS\lib\</path>
         <kind>archive</kind>
         <file>rtsv7M4_T_le_v4SPD16_eabi.lib</file>
         <name>memset_t2.asm.obj</name>
      </input_file>
      <input_file id="fl-c8">
         <path>C:\ti\ccs930\ccs\tools\compiler\ti-cgt-arm_18.12.4.LTS\lib\</path>
         <kind>archive</kind>
         <file>rtsv7M4_T_le_v4SPD16_eabi.lib</file>
         <name>copy_zero_init.c.obj</name>
      </input_file>
      <input_file id="fl-c9">
         <path>C:\ti\ccs930\ccs\tools\compiler\ti-cgt-arm_18.12.4.LTS\lib\</path>
         <kind>archive</kind>
         <file>rtsv7M4_T_le_v4SPD16_eabi.lib</file>
         <name>copy_decompress_none.c.obj</name>
      </input_file>
      <input_file id="fl-ca">
         <path>C:\ti\ccs930\ccs\tools\compiler\ti-cgt-arm_18.12.4.LTS\lib\</path>
         <kind>archive</kind>
         <file>rtsv7M4_T_le_v4SPD16_eabi.lib</file>
         <name>copy_decompress_lzss.c.obj</name>
      </input_file>
      <input_file id="fl-cb">
         <path>C:\ti\ccs930\ccs\tools\compiler\ti-cgt-arm_18.12.4.LTS\lib\</path>
         <kind>archive</kind>
         <file>rtsv7M4_T_le_v4SPD16_eabi.lib</file>
         <name>boot_cortex_m.c.obj</name>
      </input_file>
      <input_file id="fl-cc">
         <path>C:\ti\ccs930\ccs\tools\compiler\ti-cgt-arm_18.12.4.LTS\lib\</path>
         <kind>archive</kind>
         <file>rtsv7M4_T_le_v4SPD16_eabi.lib</file>
         <name>autoinit.c.obj</name>
      </input_file>
      <input_file id="fl-cd">
         <path>C:\ti\ccs930\ccs\tools\compiler\ti-cgt-arm_18.12.4.LTS\lib\</path>
         <kind>archive</kind>
         <file>rtsv7M4_T_le_v4SPD16_eabi.lib</file>
         <name>pre_init.c.obj</name>
      </input_file>
      <input_file id="fl-ce">
         <path>C:\ti\ccs930\ccs\tools\compiler\ti-cgt-arm_18.12.4.LTS\lib\</path>
         <kind>archive</kind>
         <file>rtsv7M4_T_le_v4SPD16_eabi.lib</file>
         <name>cpy_tbl.c.obj</name>
      </input_file>
      <input_file id="fl-cf">
         <path>C:\ti\ccs930\ccs\tools\compiler\ti-cgt-arm_18.12.4.LTS\lib\</path>
         <kind>archive</kind>
         <file>rtsv7M4_T_le_v4SPD16_eabi.lib</file>
         <name>exit.c.obj</name>
      </input_file>
      <input_file id="fl-d0">
         <path>C:\ti\ccs930\ccs\tools\compiler\ti-cgt-arm_18.12.4.LTS\lib\</path>
         <kind>archive</kind>
         <file>rtsv7M4_T_le_v4SPD16_eabi.lib</file>
         <name>_lock.c.obj</name>
      </input_file>
      <input_file id="fl-d1">
         <path>C:\ti\ccs930\ccs\tools\compiler\ti-cgt-arm_18.12.4.LTS\lib\</path>
         <kind>archive</kind>
         <file>rtsv7M4_T_le_v4SPD16_eabi.lib</file>
         <name>args_main.c.obj</name>
      </input_file>
   </input_file_list>
   <object_component_list>
      <object_component id="oc-f">
         <name>.intvecs</name>
         <load_address>0x0</load_address>
         <run_address>0x0</run_address>
         <size>0x26c</size>
         <input_file_ref idref="fl-9"/>
      </object_component>
      <object_component id="oc-bf">
         <name>.text</name>
         <load_address>0x26c</load_address>
         <run_address>0x26c</run_address>
         <size>0x235c</size>
         <input_file_ref idref="fl-4"/>
      </object_component>
      <object_component id="oc-7c">
         <name>.text</name>
         <load_address>0x25c8</load_address>
         <run_address>0x25c8</run_address>
         <size>0x1c84</size>
         <input_file_ref idref="fl-8"/>
      </object_component>
      <object_component id="oc-165">
         <name>.text</name>
         <load_address>0x424c</load_address>
         <run_address>0x424c</run_address>
         <size>0xeb0</size>
         <input_file_ref idref="fl-7"/>
      </object_component>
      <object_component id="oc-2f">
         <name>.text</name>
         <load_address>0x50fc</load_address>
         <run_address>0x50fc</run_address>
         <size>0x1c4</size>
         <input_file_ref idref="fl-5"/>
      </object_component>
      <object_component id="oc-db">
         <name>.text</name>
         <load_address>0x52c0</load_address>
         <run_address>0x52c0</run_address>
         <size>0x1b8</size>
         <input_file_ref idref="fl-2"/>
      </object_component>
      <object_component id="oc-e1">
         <name>.text</name>
         <load_address>0x5478</load_address>
         <run_address>0x5478</run_address>
         <size>0x132</size>
         <input_file_ref idref="fl-3"/>
      </object_component>
      <object_component id="oc-203">
         <name>.text:_IntDefaultHandler</name>
         <load_address>0x55aa</load_address>
         <run_address>0x55aa</run_address>
         <size>0x2</size>
         <input_file_ref idref="fl-10"/>
      </object_component>
      <object_component id="oc-2a">
         <name>.text</name>
         <load_address>0x55ac</load_address>
         <run_address>0x55ac</run_address>
         <size>0xda</size>
         <input_file_ref idref="fl-6"/>
      </object_component>
      <object_component id="oc-43">
         <name>.text</name>
         <load_address>0x5686</load_address>
         <run_address>0x5686</run_address>
         <size>0x9c</size>
         <input_file_ref idref="fl-c6"/>
      </object_component>
      <object_component id="oc-b3">
         <name>.text</name>
         <load_address>0x5722</load_address>
         <run_address>0x5722</run_address>
         <size>0x7a</size>
         <input_file_ref idref="fl-c7"/>
      </object_component>
      <object_component id="oc-13a">
         <name>.text:IntDisable</name>
         <load_address>0x579c</load_address>
         <run_address>0x579c</run_address>
         <size>0x68</size>
         <input_file_ref idref="fl-10"/>
      </object_component>
      <object_component id="oc-134">
         <name>.text:IntEnable</name>
         <load_address>0x5804</load_address>
         <run_address>0x5804</run_address>
         <size>0x68</size>
         <input_file_ref idref="fl-10"/>
      </object_component>
      <object_component id="oc-12">
         <name>.text:decompress:lzss:__TI_decompress_lzss</name>
         <load_address>0x586c</load_address>
         <run_address>0x586c</run_address>
         <size>0x68</size>
         <input_file_ref idref="fl-ca"/>
      </object_component>
      <object_component id="oc-188">
         <name>.text:__TI_auto_init_nobinit_nopinit:__TI_auto_init_nobinit_nopinit</name>
         <load_address>0x58d4</load_address>
         <run_address>0x58d4</run_address>
         <size>0x44</size>
         <input_file_ref idref="fl-cc"/>
      </object_component>
      <object_component id="oc-12e">
         <name>.text:IntRegister</name>
         <load_address>0x5918</load_address>
         <run_address>0x5918</run_address>
         <size>0x34</size>
         <input_file_ref idref="fl-10"/>
      </object_component>
      <object_component id="oc-61">
         <name>.text:_c_int00_noargs:_c_int00_noargs</name>
         <load_address>0x594c</load_address>
         <run_address>0x594c</run_address>
         <size>0x34</size>
         <input_file_ref idref="fl-cb"/>
      </object_component>
      <object_component id="oc-140">
         <name>.text:IntUnregister</name>
         <load_address>0x5980</load_address>
         <run_address>0x5980</run_address>
         <size>0x14</size>
         <input_file_ref idref="fl-10"/>
      </object_component>
      <object_component id="oc-18">
         <name>.text:decompress:none:__TI_decompress_none</name>
         <load_address>0x5994</load_address>
         <run_address>0x5994</run_address>
         <size>0xe</size>
         <input_file_ref idref="fl-c9"/>
      </object_component>
      <object_component id="oc-55">
         <name>.text:decompress:ZI:__TI_zero_init</name>
         <load_address>0x59a2</load_address>
         <run_address>0x59a2</run_address>
         <size>0xc</size>
         <input_file_ref idref="fl-c8"/>
      </object_component>
      <object_component id="oc-24">
         <name>.text</name>
         <load_address>0x59ae</load_address>
         <run_address>0x59ae</run_address>
         <size>0xc</size>
         <input_file_ref idref="fl-9"/>
      </object_component>
      <object_component id="oc-155">
         <name>.text:SysCtlDelay</name>
         <load_address>0x59ba</load_address>
         <run_address>0x59ba</run_address>
         <size>0x6</size>
         <input_file_ref idref="fl-4"/>
      </object_component>
      <object_component id="oc-146">
         <name>.text:CPUwfi</name>
         <load_address>0x59c0</load_address>
         <run_address>0x59c0</run_address>
         <size>0x4</size>
         <input_file_ref idref="fl-f"/>
      </object_component>
      <object_component id="oc-b9">
         <name>.text:_system_pre_init</name>
         <load_address>0x59c4</load_address>
         <run_address>0x59c4</run_address>
         <size>0x4</size>
         <input_file_ref idref="fl-cd"/>
      </object_component>
      <object_component id="oc-17c">
         <name>.text:abort:abort</name>
         <load_address>0x59c8</load_address>
         <run_address>0x59c8</run_address>
         <size>0x4</size>
         <input_file_ref idref="fl-cf"/>
      </object_component>
      <object_component id="oc-152">
         <name>.const:g_pppui32XTALtoVCO</name>
         <load_address>0x59cc</load_address>
         <run_address>0x59cc</run_address>
         <size>0x1b0</size>
         <input_file_ref idref="fl-4"/>
      </object_component>
      <object_component id="oc-159">
         <name>.const:g_ppui32GPIOIntMapSnowflake</name>
         <load_address>0x5b7c</load_address>
         <run_address>0x5b7c</run_address>
         <size>0xd8</size>
         <input_file_ref idref="fl-4"/>
      </object_component>
      <object_component id="oc-156">
         <name>.const:g_ppui32GPIOIntMapBlizzard</name>
         <load_address>0x5c54</load_address>
         <run_address>0x5c54</run_address>
         <size>0xc0</size>
         <input_file_ref idref="fl-4"/>
      </object_component>
      <object_component id="oc-15c">
         <name>.const:g_pui32GPIOBaseAddrs</name>
         <load_address>0x5d14</load_address>
         <run_address>0x5d14</run_address>
         <size>0x90</size>
         <input_file_ref idref="fl-4"/>
      </object_component>
      <object_component id="oc-14c">
         <name>.const:g_pui32Xtals</name>
         <load_address>0x5da4</load_address>
         <run_address>0x5da4</run_address>
         <size>0x6c</size>
         <input_file_ref idref="fl-4"/>
      </object_component>
      <object_component id="oc-15f">
         <name>.const:g_ppui32UARTIntMap</name>
         <load_address>0x5e10</load_address>
         <run_address>0x5e10</run_address>
         <size>0x40</size>
         <input_file_ref idref="fl-4"/>
      </object_component>
      <object_component id="oc-162">
         <name>.const:g_ppui32UARTIntMapSnowflake</name>
         <load_address>0x5e50</load_address>
         <run_address>0x5e50</run_address>
         <size>0x40</size>
         <input_file_ref idref="fl-4"/>
      </object_component>
      <object_component id="oc-12b">
         <name>.const:g_sXTALtoMEMTIM</name>
         <load_address>0x5e90</load_address>
         <run_address>0x5e90</run_address>
         <size>0x30</size>
         <input_file_ref idref="fl-4"/>
      </object_component>
      <object_component id="oc-1ff">
         <name>.const:g_pui32Dii16Regs</name>
         <load_address>0x5ec0</load_address>
         <run_address>0x5ec0</run_address>
         <size>0x14</size>
         <input_file_ref idref="fl-10"/>
      </object_component>
      <object_component id="oc-1fb">
         <name>.const:g_pui32EnRegs</name>
         <load_address>0x5ed4</load_address>
         <run_address>0x5ed4</run_address>
         <size>0x14</size>
         <input_file_ref idref="fl-10"/>
      </object_component>
      <object_component id="oc-16e">
         <name>.const:.string:$P$T0$1</name>
         <load_address>0x5ee8</load_address>
         <run_address>0x5ee8</run_address>
         <size>0x13</size>
         <input_file_ref idref="fl-4"/>
      </object_component>
      <object_component id="oc-14f">
         <name>.const:g_pui32VCOFrequencies</name>
         <load_address>0x5efc</load_address>
         <run_address>0x5efc</run_address>
         <size>0x8</size>
         <input_file_ref idref="fl-4"/>
      </object_component>
      <object_component id="oc-79">
         <name>.const</name>
         <load_address>0x5f04</load_address>
         <run_address>0x5f04</run_address>
         <size>0x8</size>
         <input_file_ref idref="fl-5"/>
      </object_component>
      <object_component id="oc-2ca">
         <name>.cinit..data.load</name>
         <load_address>0x5f10</load_address>
         <run_address>0x5f10</run_address>
         <size>0x1b</size>
      </object_component>
      <object_component id="oc-2c7">
         <name>__TI_handler_table</name>
         <load_address>0x5f2c</load_address>
         <run_address>0x5f2c</run_address>
         <size>0xc</size>
      </object_component>
      <object_component id="oc-2cb">
         <name>.cinit..bss.load</name>
         <load_address>0x5f38</load_address>
         <run_address>0x5f38</run_address>
         <size>0x8</size>
      </object_component>
      <object_component id="oc-2c9">
         <name>.cinit..vtable.load</name>
         <load_address>0x5f40</load_address>
         <run_address>0x5f40</run_address>
         <size>0x8</size>
      </object_component>
      <object_component id="oc-2c8">
         <name>__TI_cinit_table</name>
         <load_address>0x5f48</load_address>
         <run_address>0x5f48</run_address>
         <size>0x18</size>
      </object_component>
      <object_component id="oc-1f6">
         <name>.vtable</name>
         <uninitialized>true</uninitialized>
         <run_address>0x20000000</run_address>
         <size>0x26c</size>
         <input_file_ref idref="fl-10"/>
      </object_component>
      <object_component id="oc-1d0">
         <name>.data</name>
         <load_address>0x20005400</load_address>
         <run_address>0x20005400</run_address>
         <size>0x8</size>
         <input_file_ref idref="fl-2"/>
      </object_component>
      <object_component id="oc-83">
         <name>.data</name>
         <load_address>0x200053f4</load_address>
         <run_address>0x200053f4</run_address>
         <size>0xc</size>
         <input_file_ref idref="fl-5"/>
      </object_component>
      <object_component id="oc-76">
         <name>.data</name>
         <load_address>0x200053c0</load_address>
         <run_address>0x200053c0</run_address>
         <size>0x34</size>
         <input_file_ref idref="fl-8"/>
      </object_component>
      <object_component id="oc-1d9">
         <name>.bss:ucHeap</name>
         <uninitialized>true</uninitialized>
         <run_address>0x2000026c</run_address>
         <size>0x4e20</size>
         <input_file_ref idref="fl-2"/>
      </object_component>
      <object_component id="oc-1d3">
         <name>.bss:xStart</name>
         <uninitialized>true</uninitialized>
         <run_address>0x200051b4</run_address>
         <size>0x8</size>
         <input_file_ref idref="fl-2"/>
      </object_component>
      <object_component id="oc-1d6">
         <name>.bss:xEnd</name>
         <uninitialized>true</uninitialized>
         <run_address>0x200051ac</run_address>
         <size>0x8</size>
         <input_file_ref idref="fl-2"/>
      </object_component>
      <object_component id="oc-e7">
         <name>.bss:pxReadyTasksLists</name>
         <uninitialized>true</uninitialized>
         <run_address>0x2000508c</run_address>
         <size>0x64</size>
         <input_file_ref idref="fl-8"/>
      </object_component>
      <object_component id="oc-f6">
         <name>.bss:xDelayedTaskList1</name>
         <uninitialized>true</uninitialized>
         <run_address>0x20005140</run_address>
         <size>0x14</size>
         <input_file_ref idref="fl-8"/>
      </object_component>
      <object_component id="oc-f9">
         <name>.bss:xDelayedTaskList2</name>
         <uninitialized>true</uninitialized>
         <run_address>0x20005154</run_address>
         <size>0x14</size>
         <input_file_ref idref="fl-8"/>
      </object_component>
      <object_component id="oc-ed">
         <name>.bss</name>
         <uninitialized>true</uninitialized>
         <run_address>0x200051a4</run_address>
         <size>0x8</size>
         <input_file_ref idref="fl-8"/>
      </object_component>
      <object_component id="oc-f3">
         <name>.bss:xPendingReadyList</name>
         <uninitialized>true</uninitialized>
         <run_address>0x20005168</run_address>
         <size>0x14</size>
         <input_file_ref idref="fl-8"/>
      </object_component>
      <object_component id="oc-ea">
         <name>.bss:xTasksWaitingTermination</name>
         <uninitialized>true</uninitialized>
         <run_address>0x20005190</run_address>
         <size>0x14</size>
         <input_file_ref idref="fl-8"/>
      </object_component>
      <object_component id="oc-f0">
         <name>.bss:xSuspendedTaskList</name>
         <uninitialized>true</uninitialized>
         <run_address>0x2000517c</run_address>
         <size>0x14</size>
         <input_file_ref idref="fl-8"/>
      </object_component>
      <object_component id="oc-16b">
         <name>.common:serialHandle</name>
         <uninitialized>true</uninitialized>
         <run_address>0x200051bc</run_address>
         <size>0x4</size>
      </object_component>
      <object_component id="oc-21b">
         <name>.common:xQueueRegistry</name>
         <uninitialized>true</uninitialized>
         <run_address>0x200050f0</run_address>
         <size>0x50</size>
      </object_component>
      <object_component id="oc-21">
         <name>.stack</name>
         <uninitialized>true</uninitialized>
         <run_address>0x200051c0</run_address>
         <size>0x4</size>
         <input_file_ref idref="fl-cb"/>
      </object_component>
      <object_component id="oc-2cc">
         <name>.stack</name>
         <uninitialized>true</uninitialized>
         <run_address>0x200051c0</run_address>
         <size>0x0</size>
      </object_component>
      <object_component id="oc-115">
         <name>.debug_info</name>
         <load_address>0x0</load_address>
         <run_address>0x0</run_address>
         <size>0x414</size>
         <input_file_ref idref="fl-2"/>
      </object_component>
      <object_component id="oc-1da">
         <name>.debug_info</name>
         <load_address>0x414</load_address>
         <run_address>0x414</run_address>
         <size>0xd3</size>
         <input_file_ref idref="fl-2"/>
      </object_component>
      <object_component id="oc-1d4">
         <name>.debug_info</name>
         <load_address>0x4e7</load_address>
         <run_address>0x4e7</run_address>
         <size>0xd3</size>
         <input_file_ref idref="fl-2"/>
      </object_component>
      <object_component id="oc-1d7">
         <name>.debug_info</name>
         <load_address>0x5ba</load_address>
         <run_address>0x5ba</run_address>
         <size>0xcf</size>
         <input_file_ref idref="fl-2"/>
      </object_component>
      <object_component id="oc-1d1">
         <name>.debug_info</name>
         <load_address>0x689</load_address>
         <run_address>0x689</run_address>
         <size>0xed</size>
         <input_file_ref idref="fl-2"/>
      </object_component>
      <object_component id="oc-df">
         <name>.debug_info</name>
         <load_address>0x776</load_address>
         <run_address>0x776</run_address>
         <size>0x549</size>
         <input_file_ref idref="fl-2"/>
      </object_component>
      <object_component id="oc-106">
         <name>.debug_info</name>
         <load_address>0xcbf</load_address>
         <run_address>0xcbf</run_address>
         <size>0x315</size>
         <input_file_ref idref="fl-2"/>
      </object_component>
      <object_component id="oc-1c1">
         <name>.debug_info</name>
         <load_address>0xfd4</load_address>
         <run_address>0xfd4</run_address>
         <size>0x110</size>
         <input_file_ref idref="fl-2"/>
      </object_component>
      <object_component id="oc-99">
         <name>.debug_info</name>
         <load_address>0x10e4</load_address>
         <run_address>0x10e4</run_address>
         <size>0x26b</size>
         <input_file_ref idref="fl-2"/>
      </object_component>
      <object_component id="oc-1cb">
         <name>.debug_info</name>
         <load_address>0x134f</load_address>
         <run_address>0x134f</run_address>
         <size>0x48b</size>
         <input_file_ref idref="fl-2"/>
      </object_component>
      <object_component id="oc-1ef">
         <name>.debug_info</name>
         <load_address>0x17da</load_address>
         <run_address>0x17da</run_address>
         <size>0x62</size>
         <input_file_ref idref="fl-2"/>
      </object_component>
      <object_component id="oc-3e">
         <name>.debug_info</name>
         <load_address>0x183c</load_address>
         <run_address>0x183c</run_address>
         <size>0x84</size>
         <input_file_ref idref="fl-2"/>
      </object_component>
      <object_component id="oc-88">
         <name>.debug_info</name>
         <load_address>0x18c0</load_address>
         <run_address>0x18c0</run_address>
         <size>0x2c</size>
         <input_file_ref idref="fl-2"/>
      </object_component>
      <object_component id="oc-116">
         <name>.debug_info</name>
         <load_address>0x18ec</load_address>
         <run_address>0x18ec</run_address>
         <size>0x297</size>
         <input_file_ref idref="fl-2"/>
      </object_component>
      <object_component id="oc-177">
         <name>.debug_info</name>
         <load_address>0x1b83</load_address>
         <run_address>0x1b83</run_address>
         <size>0xef</size>
         <input_file_ref idref="fl-2"/>
      </object_component>
      <object_component id="oc-92">
         <name>.debug_info</name>
         <load_address>0x1c72</load_address>
         <run_address>0x1c72</run_address>
         <size>0xbb</size>
         <input_file_ref idref="fl-2"/>
      </object_component>
      <object_component id="oc-8d">
         <name>.debug_info</name>
         <load_address>0x1d2d</load_address>
         <run_address>0x1d2d</run_address>
         <size>0x53</size>
         <input_file_ref idref="fl-2"/>
      </object_component>
      <object_component id="oc-10b">
         <name>.debug_info</name>
         <load_address>0x1d80</load_address>
         <run_address>0x1d80</run_address>
         <size>0x14c</size>
         <input_file_ref idref="fl-2"/>
      </object_component>
      <object_component id="oc-1de">
         <name>.debug_info</name>
         <load_address>0x1ecc</load_address>
         <run_address>0x1ecc</run_address>
         <size>0x37b</size>
         <input_file_ref idref="fl-3"/>
      </object_component>
      <object_component id="oc-e2">
         <name>.debug_info</name>
         <load_address>0x2247</load_address>
         <run_address>0x2247</run_address>
         <size>0x44b</size>
         <input_file_ref idref="fl-3"/>
      </object_component>
      <object_component id="oc-16c">
         <name>.debug_info</name>
         <load_address>0x2692</load_address>
         <run_address>0x2692</run_address>
         <size>0x705</size>
         <input_file_ref idref="fl-4"/>
      </object_component>
      <object_component id="oc-14d">
         <name>.debug_info</name>
         <load_address>0x2d97</load_address>
         <run_address>0x2d97</run_address>
         <size>0xdd</size>
         <input_file_ref idref="fl-4"/>
      </object_component>
      <object_component id="oc-153">
         <name>.debug_info</name>
         <load_address>0x2e74</load_address>
         <run_address>0x2e74</run_address>
         <size>0xe9</size>
         <input_file_ref idref="fl-4"/>
      </object_component>
      <object_component id="oc-12c">
         <name>.debug_info</name>
         <load_address>0x2f5d</load_address>
         <run_address>0x2f5d</run_address>
         <size>0xe3</size>
         <input_file_ref idref="fl-4"/>
      </object_component>
      <object_component id="oc-150">
         <name>.debug_info</name>
         <load_address>0x3040</load_address>
         <run_address>0x3040</run_address>
         <size>0xf0</size>
         <input_file_ref idref="fl-4"/>
      </object_component>
      <object_component id="oc-157">
         <name>.debug_info</name>
         <load_address>0x3130</load_address>
         <run_address>0x3130</run_address>
         <size>0xf9</size>
         <input_file_ref idref="fl-4"/>
      </object_component>
      <object_component id="oc-15a">
         <name>.debug_info</name>
         <load_address>0x3229</load_address>
         <run_address>0x3229</run_address>
         <size>0xfb</size>
         <input_file_ref idref="fl-4"/>
      </object_component>
      <object_component id="oc-15d">
         <name>.debug_info</name>
         <load_address>0x3324</load_address>
         <run_address>0x3324</run_address>
         <size>0xed</size>
         <input_file_ref idref="fl-4"/>
      </object_component>
      <object_component id="oc-160">
         <name>.debug_info</name>
         <load_address>0x3411</load_address>
         <run_address>0x3411</run_address>
         <size>0xe9</size>
         <input_file_ref idref="fl-4"/>
      </object_component>
      <object_component id="oc-163">
         <name>.debug_info</name>
         <load_address>0x34fa</load_address>
         <run_address>0x34fa</run_address>
         <size>0xfb</size>
         <input_file_ref idref="fl-4"/>
      </object_component>
      <object_component id="oc-16f">
         <name>.debug_info</name>
         <load_address>0x35f5</load_address>
         <run_address>0x35f5</run_address>
         <size>0xd3</size>
         <input_file_ref idref="fl-4"/>
      </object_component>
      <object_component id="oc-c0">
         <name>.debug_info</name>
         <load_address>0x36c8</load_address>
         <run_address>0x36c8</run_address>
         <size>0xa408</size>
         <input_file_ref idref="fl-4"/>
      </object_component>
      <object_component id="oc-226">
         <name>.debug_info</name>
         <load_address>0xdad0</load_address>
         <run_address>0xdad0</run_address>
         <size>0x51</size>
         <input_file_ref idref="fl-4"/>
      </object_component>
      <object_component id="oc-110">
         <name>.debug_info</name>
         <load_address>0xdb21</load_address>
         <run_address>0xdb21</run_address>
         <size>0x48b</size>
         <input_file_ref idref="fl-4"/>
      </object_component>
      <object_component id="oc-22a">
         <name>.debug_info</name>
         <load_address>0xdfac</load_address>
         <run_address>0xdfac</run_address>
         <size>0x4f</size>
         <input_file_ref idref="fl-4"/>
      </object_component>
      <object_component id="oc-22f">
         <name>.debug_info</name>
         <load_address>0xdffb</load_address>
         <run_address>0xdffb</run_address>
         <size>0x2c</size>
         <input_file_ref idref="fl-4"/>
      </object_component>
      <object_component id="oc-172">
         <name>.debug_info</name>
         <load_address>0xe027</load_address>
         <run_address>0xe027</run_address>
         <size>0x8b</size>
         <input_file_ref idref="fl-4"/>
      </object_component>
      <object_component id="oc-101">
         <name>.debug_info</name>
         <load_address>0xe0b2</load_address>
         <run_address>0xe0b2</run_address>
         <size>0x53</size>
         <input_file_ref idref="fl-4"/>
      </object_component>
      <object_component id="oc-87">
         <name>.debug_info</name>
         <load_address>0xe105</load_address>
         <run_address>0xe105</run_address>
         <size>0x451</size>
         <input_file_ref idref="fl-5"/>
      </object_component>
      <object_component id="oc-7a">
         <name>.debug_info</name>
         <load_address>0xe556</load_address>
         <run_address>0xe556</run_address>
         <size>0x148</size>
         <input_file_ref idref="fl-5"/>
      </object_component>
      <object_component id="oc-84">
         <name>.debug_info</name>
         <load_address>0xe69e</load_address>
         <run_address>0xe69e</run_address>
         <size>0x153</size>
         <input_file_ref idref="fl-5"/>
      </object_component>
      <object_component id="oc-32">
         <name>.debug_info</name>
         <load_address>0xe7f1</load_address>
         <run_address>0xe7f1</run_address>
         <size>0x633</size>
         <input_file_ref idref="fl-5"/>
      </object_component>
      <object_component id="oc-2d">
         <name>.debug_info</name>
         <load_address>0xee24</load_address>
         <run_address>0xee24</run_address>
         <size>0x235</size>
         <input_file_ref idref="fl-6"/>
      </object_component>
      <object_component id="oc-21c">
         <name>.debug_info</name>
         <load_address>0xf059</load_address>
         <run_address>0xf059</run_address>
         <size>0x88d</size>
         <input_file_ref idref="fl-7"/>
      </object_component>
      <object_component id="oc-166">
         <name>.debug_info</name>
         <load_address>0xf8e6</load_address>
         <run_address>0xf8e6</run_address>
         <size>0x3a86</size>
         <input_file_ref idref="fl-7"/>
      </object_component>
      <object_component id="oc-26b">
         <name>.debug_info</name>
         <load_address>0x1336c</load_address>
         <run_address>0x1336c</run_address>
         <size>0x253</size>
         <input_file_ref idref="fl-7"/>
      </object_component>
      <object_component id="oc-21f">
         <name>.debug_info</name>
         <load_address>0x135bf</load_address>
         <run_address>0x135bf</run_address>
         <size>0x46</size>
         <input_file_ref idref="fl-7"/>
      </object_component>
      <object_component id="oc-d3">
         <name>.debug_info</name>
         <load_address>0x13605</load_address>
         <run_address>0x13605</run_address>
         <size>0x7ac</size>
         <input_file_ref idref="fl-8"/>
      </object_component>
      <object_component id="oc-77">
         <name>.debug_info</name>
         <load_address>0x13db1</load_address>
         <run_address>0x13db1</run_address>
         <size>0x340</size>
         <input_file_ref idref="fl-8"/>
      </object_component>
      <object_component id="oc-e8">
         <name>.debug_info</name>
         <load_address>0x140f1</load_address>
         <run_address>0x140f1</run_address>
         <size>0xe9</size>
         <input_file_ref idref="fl-8"/>
      </object_component>
      <object_component id="oc-f7">
         <name>.debug_info</name>
         <load_address>0x141da</load_address>
         <run_address>0x141da</run_address>
         <size>0xe9</size>
         <input_file_ref idref="fl-8"/>
      </object_component>
      <object_component id="oc-fa">
         <name>.debug_info</name>
         <load_address>0x142c3</load_address>
         <run_address>0x142c3</run_address>
         <size>0xe9</size>
         <input_file_ref idref="fl-8"/>
      </object_component>
      <object_component id="oc-ee">
         <name>.debug_info</name>
         <load_address>0x143ac</load_address>
         <run_address>0x143ac</run_address>
         <size>0x12c</size>
         <input_file_ref idref="fl-8"/>
      </object_component>
      <object_component id="oc-f4">
         <name>.debug_info</name>
         <load_address>0x144d8</load_address>
         <run_address>0x144d8</run_address>
         <size>0xe9</size>
         <input_file_ref idref="fl-8"/>
      </object_component>
      <object_component id="oc-eb">
         <name>.debug_info</name>
         <load_address>0x145c1</load_address>
         <run_address>0x145c1</run_address>
         <size>0xf7</size>
         <input_file_ref idref="fl-8"/>
      </object_component>
      <object_component id="oc-f1">
         <name>.debug_info</name>
         <load_address>0x146b8</load_address>
         <run_address>0x146b8</run_address>
         <size>0xeb</size>
         <input_file_ref idref="fl-8"/>
      </object_component>
      <object_component id="oc-7f">
         <name>.debug_info</name>
         <load_address>0x147a3</load_address>
         <run_address>0x147a3</run_address>
         <size>0x4fbd</size>
         <input_file_ref idref="fl-8"/>
      </object_component>
      <object_component id="oc-d4">
         <name>.debug_info</name>
         <load_address>0x19760</load_address>
         <run_address>0x19760</run_address>
         <size>0x30c</size>
         <input_file_ref idref="fl-8"/>
      </object_component>
      <object_component id="oc-1bc">
         <name>.debug_info</name>
         <load_address>0x19a6c</load_address>
         <run_address>0x19a6c</run_address>
         <size>0x4f</size>
         <input_file_ref idref="fl-8"/>
      </object_component>
      <object_component id="oc-1c6">
         <name>.debug_info</name>
         <load_address>0x19abb</load_address>
         <run_address>0x19abb</run_address>
         <size>0x159</size>
         <input_file_ref idref="fl-8"/>
      </object_component>
      <object_component id="oc-37">
         <name>.debug_info</name>
         <load_address>0x19c14</load_address>
         <run_address>0x19c14</run_address>
         <size>0x333</size>
         <input_file_ref idref="fl-9"/>
      </object_component>
      <object_component id="oc-10">
         <name>.debug_info</name>
         <load_address>0x19f47</load_address>
         <run_address>0x19f47</run_address>
         <size>0xf2</size>
         <input_file_ref idref="fl-9"/>
      </object_component>
      <object_component id="oc-27">
         <name>.debug_info</name>
         <load_address>0x1a039</load_address>
         <run_address>0x1a039</run_address>
         <size>0x26e</size>
         <input_file_ref idref="fl-9"/>
      </object_component>
      <object_component id="oc-147">
         <name>.debug_info</name>
         <load_address>0x1a2a7</load_address>
         <run_address>0x1a2a7</run_address>
         <size>0x213</size>
         <input_file_ref idref="fl-f"/>
      </object_component>
      <object_component id="oc-1fa">
         <name>.debug_info</name>
         <load_address>0x1a4ba</load_address>
         <run_address>0x1a4ba</run_address>
         <size>0x3b7</size>
         <input_file_ref idref="fl-10"/>
      </object_component>
      <object_component id="oc-1fc">
         <name>.debug_info</name>
         <load_address>0x1a871</load_address>
         <run_address>0x1a871</run_address>
         <size>0x15b</size>
         <input_file_ref idref="fl-10"/>
      </object_component>
      <object_component id="oc-200">
         <name>.debug_info</name>
         <load_address>0x1a9cc</load_address>
         <run_address>0x1a9cc</run_address>
         <size>0x161</size>
         <input_file_ref idref="fl-10"/>
      </object_component>
      <object_component id="oc-1f7">
         <name>.debug_info</name>
         <load_address>0x1ab2d</load_address>
         <run_address>0x1ab2d</run_address>
         <size>0x160</size>
         <input_file_ref idref="fl-10"/>
      </object_component>
      <object_component id="oc-207">
         <name>.debug_info</name>
         <load_address>0x1ac8d</load_address>
         <run_address>0x1ac8d</run_address>
         <size>0x22e</size>
         <input_file_ref idref="fl-10"/>
      </object_component>
      <object_component id="oc-143">
         <name>.debug_info</name>
         <load_address>0x1aebb</load_address>
         <run_address>0x1aebb</run_address>
         <size>0x279</size>
         <input_file_ref idref="fl-10"/>
      </object_component>
      <object_component id="oc-131">
         <name>.debug_info</name>
         <load_address>0x1b134</load_address>
         <run_address>0x1b134</run_address>
         <size>0x2ca</size>
         <input_file_ref idref="fl-10"/>
      </object_component>
      <object_component id="oc-138">
         <name>.debug_info</name>
         <load_address>0x1b3fe</load_address>
         <run_address>0x1b3fe</run_address>
         <size>0x271</size>
         <input_file_ref idref="fl-10"/>
      </object_component>
      <object_component id="oc-13e">
         <name>.debug_info</name>
         <load_address>0x1b66f</load_address>
         <run_address>0x1b66f</run_address>
         <size>0x273</size>
         <input_file_ref idref="fl-10"/>
      </object_component>
      <object_component id="oc-46">
         <name>.debug_info</name>
         <load_address>0x1b8e2</load_address>
         <run_address>0x1b8e2</run_address>
         <size>0x118</size>
         <input_file_ref idref="fl-c6"/>
      </object_component>
      <object_component id="oc-b5">
         <name>.debug_info</name>
         <load_address>0x1b9fa</load_address>
         <run_address>0x1b9fa</run_address>
         <size>0x146</size>
         <input_file_ref idref="fl-c7"/>
      </object_component>
      <object_component id="oc-b2">
         <name>.debug_info</name>
         <load_address>0x1bb40</load_address>
         <run_address>0x1bb40</run_address>
         <size>0x2d3</size>
         <input_file_ref idref="fl-c8"/>
      </object_component>
      <object_component id="oc-59">
         <name>.debug_info</name>
         <load_address>0x1be13</load_address>
         <run_address>0x1be13</run_address>
         <size>0x1b4</size>
         <input_file_ref idref="fl-c8"/>
      </object_component>
      <object_component id="oc-ad">
         <name>.debug_info</name>
         <load_address>0x1bfc7</load_address>
         <run_address>0x1bfc7</run_address>
         <size>0x46</size>
         <input_file_ref idref="fl-c8"/>
      </object_component>
      <object_component id="oc-122">
         <name>.debug_info</name>
         <load_address>0x1c00d</load_address>
         <run_address>0x1c00d</run_address>
         <size>0x2c</size>
         <input_file_ref idref="fl-c8"/>
      </object_component>
      <object_component id="oc-4e">
         <name>.debug_info</name>
         <load_address>0x1c039</load_address>
         <run_address>0x1c039</run_address>
         <size>0x2a7</size>
         <input_file_ref idref="fl-c9"/>
      </object_component>
      <object_component id="oc-1a">
         <name>.debug_info</name>
         <load_address>0x1c2e0</load_address>
         <run_address>0x1c2e0</run_address>
         <size>0x1e9</size>
         <input_file_ref idref="fl-c9"/>
      </object_component>
      <object_component id="oc-49">
         <name>.debug_info</name>
         <load_address>0x1c4c9</load_address>
         <run_address>0x1c4c9</run_address>
         <size>0x46</size>
         <input_file_ref idref="fl-c9"/>
      </object_component>
      <object_component id="oc-a5">
         <name>.debug_info</name>
         <load_address>0x1c50f</load_address>
         <run_address>0x1c50f</run_address>
         <size>0x2c</size>
         <input_file_ref idref="fl-c9"/>
      </object_component>
      <object_component id="oc-a3">
         <name>.debug_info</name>
         <load_address>0x1c53b</load_address>
         <run_address>0x1c53b</run_address>
         <size>0x29d</size>
         <input_file_ref idref="fl-ca"/>
      </object_component>
      <object_component id="oc-13">
         <name>.debug_info</name>
         <load_address>0x1c7d8</load_address>
         <run_address>0x1c7d8</run_address>
         <size>0x24f</size>
         <input_file_ref idref="fl-ca"/>
      </object_component>
      <object_component id="oc-39">
         <name>.debug_info</name>
         <load_address>0x1ca27</load_address>
         <run_address>0x1ca27</run_address>
         <size>0x60</size>
         <input_file_ref idref="fl-ca"/>
      </object_component>
      <object_component id="oc-11b">
         <name>.debug_info</name>
         <load_address>0x1ca87</load_address>
         <run_address>0x1ca87</run_address>
         <size>0x46</size>
         <input_file_ref idref="fl-ca"/>
      </object_component>
      <object_component id="oc-9e">
         <name>.debug_info</name>
         <load_address>0x1cacd</load_address>
         <run_address>0x1cacd</run_address>
         <size>0x39</size>
         <input_file_ref idref="fl-ca"/>
      </object_component>
      <object_component id="oc-22">
         <name>.debug_info</name>
         <load_address>0x1cb06</load_address>
         <run_address>0x1cb06</run_address>
         <size>0x10a</size>
         <input_file_ref idref="fl-cb"/>
      </object_component>
      <object_component id="oc-64">
         <name>.debug_info</name>
         <load_address>0x1cc10</load_address>
         <run_address>0x1cc10</run_address>
         <size>0x1a8</size>
         <input_file_ref idref="fl-cb"/>
      </object_component>
      <object_component id="oc-241">
         <name>.debug_info</name>
         <load_address>0x1cdb8</load_address>
         <run_address>0x1cdb8</run_address>
         <size>0x4b2</size>
         <input_file_ref idref="fl-cc"/>
      </object_component>
      <object_component id="oc-18a">
         <name>.debug_info</name>
         <load_address>0x1d26a</load_address>
         <run_address>0x1d26a</run_address>
         <size>0x1a5</size>
         <input_file_ref idref="fl-cc"/>
      </object_component>
      <object_component id="oc-280">
         <name>.debug_info</name>
         <load_address>0x1d40f</load_address>
         <run_address>0x1d40f</run_address>
         <size>0x39</size>
         <input_file_ref idref="fl-cc"/>
      </object_component>
      <object_component id="oc-294">
         <name>.debug_info</name>
         <load_address>0x1d448</load_address>
         <run_address>0x1d448</run_address>
         <size>0x39</size>
         <input_file_ref idref="fl-cc"/>
      </object_component>
      <object_component id="oc-285">
         <name>.debug_info</name>
         <load_address>0x1d481</load_address>
         <run_address>0x1d481</run_address>
         <size>0x39</size>
         <input_file_ref idref="fl-cc"/>
      </object_component>
      <object_component id="oc-28a">
         <name>.debug_info</name>
         <load_address>0x1d4ba</load_address>
         <run_address>0x1d4ba</run_address>
         <size>0xcd</size>
         <input_file_ref idref="fl-cc"/>
      </object_component>
      <object_component id="oc-ba">
         <name>.debug_info</name>
         <load_address>0x1d587</load_address>
         <run_address>0x1d587</run_address>
         <size>0x152</size>
         <input_file_ref idref="fl-cd"/>
      </object_component>
      <object_component id="oc-17d">
         <name>.debug_info</name>
         <load_address>0x1d6d9</load_address>
         <run_address>0x1d6d9</run_address>
         <size>0x121</size>
         <input_file_ref idref="fl-cf"/>
      </object_component>
      <object_component id="oc-2cd">
         <name>.debug_info</name>
         <load_address>0x1d7fa</load_address>
         <run_address>0x1d7fa</run_address>
         <size>0xa5</size>
      </object_component>
      <object_component id="oc-1ee">
         <name>.debug_line</name>
         <load_address>0x0</load_address>
         <run_address>0x0</run_address>
         <size>0x2d</size>
         <input_file_ref idref="fl-2"/>
      </object_component>
      <object_component id="oc-25d">
         <name>.debug_line</name>
         <load_address>0x2d</load_address>
         <run_address>0x2d</run_address>
         <size>0x2f</size>
         <input_file_ref idref="fl-2"/>
      </object_component>
      <object_component id="oc-259">
         <name>.debug_line</name>
         <load_address>0x5c</load_address>
         <run_address>0x5c</run_address>
         <size>0x2f</size>
         <input_file_ref idref="fl-2"/>
      </object_component>
      <object_component id="oc-25b">
         <name>.debug_line</name>
         <load_address>0x8b</load_address>
         <run_address>0x8b</run_address>
         <size>0x2f</size>
         <input_file_ref idref="fl-2"/>
      </object_component>
      <object_component id="oc-257">
         <name>.debug_line</name>
         <load_address>0xba</load_address>
         <run_address>0xba</run_address>
         <size>0x2f</size>
         <input_file_ref idref="fl-2"/>
      </object_component>
      <object_component id="oc-de">
         <name>.debug_line</name>
         <load_address>0xe9</load_address>
         <run_address>0xe9</run_address>
         <size>0x102</size>
         <input_file_ref idref="fl-2"/>
      </object_component>
      <object_component id="oc-109">
         <name>.debug_line</name>
         <load_address>0x1eb</load_address>
         <run_address>0x1eb</run_address>
         <size>0x2d</size>
         <input_file_ref idref="fl-2"/>
      </object_component>
      <object_component id="oc-1c4">
         <name>.debug_line</name>
         <load_address>0x218</load_address>
         <run_address>0x218</run_address>
         <size>0x6b</size>
         <input_file_ref idref="fl-2"/>
      </object_component>
      <object_component id="oc-9c">
         <name>.debug_line</name>
         <load_address>0x283</load_address>
         <run_address>0x283</run_address>
         <size>0x6f</size>
         <input_file_ref idref="fl-2"/>
      </object_component>
      <object_component id="oc-1ce">
         <name>.debug_line</name>
         <load_address>0x2f2</load_address>
         <run_address>0x2f2</run_address>
         <size>0x31</size>
         <input_file_ref idref="fl-2"/>
      </object_component>
      <object_component id="oc-1f2">
         <name>.debug_line</name>
         <load_address>0x323</load_address>
         <run_address>0x323</run_address>
         <size>0x2f</size>
         <input_file_ref idref="fl-2"/>
      </object_component>
      <object_component id="oc-41">
         <name>.debug_line</name>
         <load_address>0x352</load_address>
         <run_address>0x352</run_address>
         <size>0x20</size>
         <input_file_ref idref="fl-2"/>
      </object_component>
      <object_component id="oc-8b">
         <name>.debug_line</name>
         <load_address>0x372</load_address>
         <run_address>0x372</run_address>
         <size>0x31</size>
         <input_file_ref idref="fl-2"/>
      </object_component>
      <object_component id="oc-119">
         <name>.debug_line</name>
         <load_address>0x3a3</load_address>
         <run_address>0x3a3</run_address>
         <size>0x73</size>
         <input_file_ref idref="fl-2"/>
      </object_component>
      <object_component id="oc-17a">
         <name>.debug_line</name>
         <load_address>0x416</load_address>
         <run_address>0x416</run_address>
         <size>0x6f</size>
         <input_file_ref idref="fl-2"/>
      </object_component>
      <object_component id="oc-95">
         <name>.debug_line</name>
         <load_address>0x485</load_address>
         <run_address>0x485</run_address>
         <size>0x70</size>
         <input_file_ref idref="fl-2"/>
      </object_component>
      <object_component id="oc-90">
         <name>.debug_line</name>
         <load_address>0x4f5</load_address>
         <run_address>0x4f5</run_address>
         <size>0x32</size>
         <input_file_ref idref="fl-2"/>
      </object_component>
      <object_component id="oc-10e">
         <name>.debug_line</name>
         <load_address>0x527</load_address>
         <run_address>0x527</run_address>
         <size>0x2d</size>
         <input_file_ref idref="fl-2"/>
      </object_component>
      <object_component id="oc-25f">
         <name>.debug_line</name>
         <load_address>0x554</load_address>
         <run_address>0x554</run_address>
         <size>0x20</size>
         <input_file_ref idref="fl-3"/>
      </object_component>
      <object_component id="oc-e5">
         <name>.debug_line</name>
         <load_address>0x574</load_address>
         <run_address>0x574</run_address>
         <size>0xe4</size>
         <input_file_ref idref="fl-3"/>
      </object_component>
      <object_component id="oc-225">
         <name>.debug_line</name>
         <load_address>0x658</load_address>
         <run_address>0x658</run_address>
         <size>0xdb</size>
         <input_file_ref idref="fl-4"/>
      </object_component>
      <object_component id="oc-20c">
         <name>.debug_line</name>
         <load_address>0x733</load_address>
         <run_address>0x733</run_address>
         <size>0x51</size>
         <input_file_ref idref="fl-4"/>
      </object_component>
      <object_component id="oc-210">
         <name>.debug_line</name>
         <load_address>0x784</load_address>
         <run_address>0x784</run_address>
         <size>0x51</size>
         <input_file_ref idref="fl-4"/>
      </object_component>
      <object_component id="oc-1f5">
         <name>.debug_line</name>
         <load_address>0x7d5</load_address>
         <run_address>0x7d5</run_address>
         <size>0x51</size>
         <input_file_ref idref="fl-4"/>
      </object_component>
      <object_component id="oc-20e">
         <name>.debug_line</name>
         <load_address>0x826</load_address>
         <run_address>0x826</run_address>
         <size>0x51</size>
         <input_file_ref idref="fl-4"/>
      </object_component>
      <object_component id="oc-212">
         <name>.debug_line</name>
         <load_address>0x877</load_address>
         <run_address>0x877</run_address>
         <size>0x4f</size>
         <input_file_ref idref="fl-4"/>
      </object_component>
      <object_component id="oc-214">
         <name>.debug_line</name>
         <load_address>0x8c6</load_address>
         <run_address>0x8c6</run_address>
         <size>0x4f</size>
         <input_file_ref idref="fl-4"/>
      </object_component>
      <object_component id="oc-216">
         <name>.debug_line</name>
         <load_address>0x915</load_address>
         <run_address>0x915</run_address>
         <size>0x4f</size>
         <input_file_ref idref="fl-4"/>
      </object_component>
      <object_component id="oc-218">
         <name>.debug_line</name>
         <load_address>0x964</load_address>
         <run_address>0x964</run_address>
         <size>0x4f</size>
         <input_file_ref idref="fl-4"/>
      </object_component>
      <object_component id="oc-21a">
         <name>.debug_line</name>
         <load_address>0x9b3</load_address>
         <run_address>0x9b3</run_address>
         <size>0x4f</size>
         <input_file_ref idref="fl-4"/>
      </object_component>
      <object_component id="oc-235">
         <name>.debug_line</name>
         <load_address>0xa02</load_address>
         <run_address>0xa02</run_address>
         <size>0x2d</size>
         <input_file_ref idref="fl-4"/>
      </object_component>
      <object_component id="oc-c3">
         <name>.debug_line</name>
         <load_address>0xa2f</load_address>
         <run_address>0xa2f</run_address>
         <size>0x1954</size>
         <input_file_ref idref="fl-4"/>
      </object_component>
      <object_component id="oc-228">
         <name>.debug_line</name>
         <load_address>0x2383</load_address>
         <run_address>0x2383</run_address>
         <size>0x51</size>
         <input_file_ref idref="fl-4"/>
      </object_component>
      <object_component id="oc-113">
         <name>.debug_line</name>
         <load_address>0x23d4</load_address>
         <run_address>0x23d4</run_address>
         <size>0x31</size>
         <input_file_ref idref="fl-4"/>
      </object_component>
      <object_component id="oc-22d">
         <name>.debug_line</name>
         <load_address>0x2405</load_address>
         <run_address>0x2405</run_address>
         <size>0x2e</size>
         <input_file_ref idref="fl-4"/>
      </object_component>
      <object_component id="oc-232">
         <name>.debug_line</name>
         <load_address>0x2433</load_address>
         <run_address>0x2433</run_address>
         <size>0x2f</size>
         <input_file_ref idref="fl-4"/>
      </object_component>
      <object_component id="oc-175">
         <name>.debug_line</name>
         <load_address>0x2462</load_address>
         <run_address>0x2462</run_address>
         <size>0x20</size>
         <input_file_ref idref="fl-4"/>
      </object_component>
      <object_component id="oc-104">
         <name>.debug_line</name>
         <load_address>0x2482</load_address>
         <run_address>0x2482</run_address>
         <size>0x6b</size>
         <input_file_ref idref="fl-4"/>
      </object_component>
      <object_component id="oc-100">
         <name>.debug_line</name>
         <load_address>0x24ed</load_address>
         <run_address>0x24ed</run_address>
         <size>0x3a</size>
         <input_file_ref idref="fl-5"/>
      </object_component>
      <object_component id="oc-da">
         <name>.debug_line</name>
         <load_address>0x2527</load_address>
         <run_address>0x2527</run_address>
         <size>0x2d</size>
         <input_file_ref idref="fl-5"/>
      </object_component>
      <object_component id="oc-fe">
         <name>.debug_line</name>
         <load_address>0x2554</load_address>
         <run_address>0x2554</run_address>
         <size>0x2d</size>
         <input_file_ref idref="fl-5"/>
      </object_component>
      <object_component id="oc-31">
         <name>.debug_line</name>
         <load_address>0x2581</load_address>
         <run_address>0x2581</run_address>
         <size>0x160</size>
         <input_file_ref idref="fl-5"/>
      </object_component>
      <object_component id="oc-2b">
         <name>.debug_line</name>
         <load_address>0x26e1</load_address>
         <run_address>0x26e1</run_address>
         <size>0xc2</size>
         <input_file_ref idref="fl-6"/>
      </object_component>
      <object_component id="oc-26a">
         <name>.debug_line</name>
         <load_address>0x27a3</load_address>
         <run_address>0x27a3</run_address>
         <size>0x6b</size>
         <input_file_ref idref="fl-7"/>
      </object_component>
      <object_component id="oc-16a">
         <name>.debug_line</name>
         <load_address>0x280e</load_address>
         <run_address>0x280e</run_address>
         <size>0xa34</size>
         <input_file_ref idref="fl-7"/>
      </object_component>
      <object_component id="oc-26e">
         <name>.debug_line</name>
         <load_address>0x3242</load_address>
         <run_address>0x3242</run_address>
         <size>0x2e</size>
         <input_file_ref idref="fl-7"/>
      </object_component>
      <object_component id="oc-222">
         <name>.debug_line</name>
         <load_address>0x3270</load_address>
         <run_address>0x3270</run_address>
         <size>0x2e</size>
         <input_file_ref idref="fl-7"/>
      </object_component>
      <object_component id="oc-1bb">
         <name>.debug_line</name>
         <load_address>0x329e</load_address>
         <run_address>0x329e</run_address>
         <size>0x9b</size>
         <input_file_ref idref="fl-8"/>
      </object_component>
      <object_component id="oc-d2">
         <name>.debug_line</name>
         <load_address>0x3339</load_address>
         <run_address>0x3339</run_address>
         <size>0x2e</size>
         <input_file_ref idref="fl-8"/>
      </object_component>
      <object_component id="oc-1e0">
         <name>.debug_line</name>
         <load_address>0x3367</load_address>
         <run_address>0x3367</run_address>
         <size>0x2e</size>
         <input_file_ref idref="fl-8"/>
      </object_component>
      <object_component id="oc-1ea">
         <name>.debug_line</name>
         <load_address>0x3395</load_address>
         <run_address>0x3395</run_address>
         <size>0x2e</size>
         <input_file_ref idref="fl-8"/>
      </object_component>
      <object_component id="oc-1ec">
         <name>.debug_line</name>
         <load_address>0x33c3</load_address>
         <run_address>0x33c3</run_address>
         <size>0x2e</size>
         <input_file_ref idref="fl-8"/>
      </object_component>
      <object_component id="oc-1e4">
         <name>.debug_line</name>
         <load_address>0x33f1</load_address>
         <run_address>0x33f1</run_address>
         <size>0x2e</size>
         <input_file_ref idref="fl-8"/>
      </object_component>
      <object_component id="oc-1e8">
         <name>.debug_line</name>
         <load_address>0x341f</load_address>
         <run_address>0x341f</run_address>
         <size>0x2e</size>
         <input_file_ref idref="fl-8"/>
      </object_component>
      <object_component id="oc-1e2">
         <name>.debug_line</name>
         <load_address>0x344d</load_address>
         <run_address>0x344d</run_address>
         <size>0x2e</size>
         <input_file_ref idref="fl-8"/>
      </object_component>
      <object_component id="oc-1e6">
         <name>.debug_line</name>
         <load_address>0x347b</load_address>
         <run_address>0x347b</run_address>
         <size>0x2e</size>
         <input_file_ref idref="fl-8"/>
      </object_component>
      <object_component id="oc-81">
         <name>.debug_line</name>
         <load_address>0x34a9</load_address>
         <run_address>0x34a9</run_address>
         <size>0xf29</size>
         <input_file_ref idref="fl-8"/>
      </object_component>
      <object_component id="oc-d7">
         <name>.debug_line</name>
         <load_address>0x43d2</load_address>
         <run_address>0x43d2</run_address>
         <size>0x2d</size>
         <input_file_ref idref="fl-8"/>
      </object_component>
      <object_component id="oc-1bf">
         <name>.debug_line</name>
         <load_address>0x43ff</load_address>
         <run_address>0x43ff</run_address>
         <size>0x2f</size>
         <input_file_ref idref="fl-8"/>
      </object_component>
      <object_component id="oc-1c9">
         <name>.debug_line</name>
         <load_address>0x442e</load_address>
         <run_address>0x442e</run_address>
         <size>0x2e</size>
         <input_file_ref idref="fl-8"/>
      </object_component>
      <object_component id="oc-98">
         <name>.debug_line</name>
         <load_address>0x445c</load_address>
         <run_address>0x445c</run_address>
         <size>0x41</size>
         <input_file_ref idref="fl-9"/>
      </object_component>
      <object_component id="oc-36">
         <name>.debug_line</name>
         <load_address>0x449d</load_address>
         <run_address>0x449d</run_address>
         <size>0x41</size>
         <input_file_ref idref="fl-9"/>
      </object_component>
      <object_component id="oc-29">
         <name>.debug_line</name>
         <load_address>0x44de</load_address>
         <run_address>0x44de</run_address>
         <size>0xa1</size>
         <input_file_ref idref="fl-9"/>
      </object_component>
      <object_component id="oc-14b">
         <name>.debug_line</name>
         <load_address>0x457f</load_address>
         <run_address>0x457f</run_address>
         <size>0x8e</size>
         <input_file_ref idref="fl-f"/>
      </object_component>
      <object_component id="oc-263">
         <name>.debug_line</name>
         <load_address>0x460d</load_address>
         <run_address>0x460d</run_address>
         <size>0x7c</size>
         <input_file_ref idref="fl-10"/>
      </object_component>
      <object_component id="oc-265">
         <name>.debug_line</name>
         <load_address>0x4689</load_address>
         <run_address>0x4689</run_address>
         <size>0x82</size>
         <input_file_ref idref="fl-10"/>
      </object_component>
      <object_component id="oc-267">
         <name>.debug_line</name>
         <load_address>0x470b</load_address>
         <run_address>0x470b</run_address>
         <size>0x82</size>
         <input_file_ref idref="fl-10"/>
      </object_component>
      <object_component id="oc-261">
         <name>.debug_line</name>
         <load_address>0x478d</load_address>
         <run_address>0x478d</run_address>
         <size>0x82</size>
         <input_file_ref idref="fl-10"/>
      </object_component>
      <object_component id="oc-206">
         <name>.debug_line</name>
         <load_address>0x480f</load_address>
         <run_address>0x480f</run_address>
         <size>0x97</size>
         <input_file_ref idref="fl-10"/>
      </object_component>
      <object_component id="oc-145">
         <name>.debug_line</name>
         <load_address>0x48a6</load_address>
         <run_address>0x48a6</run_address>
         <size>0x97</size>
         <input_file_ref idref="fl-10"/>
      </object_component>
      <object_component id="oc-133">
         <name>.debug_line</name>
         <load_address>0x493d</load_address>
         <run_address>0x493d</run_address>
         <size>0xaf</size>
         <input_file_ref idref="fl-10"/>
      </object_component>
      <object_component id="oc-137">
         <name>.debug_line</name>
         <load_address>0x49ec</load_address>
         <run_address>0x49ec</run_address>
         <size>0xc2</size>
         <input_file_ref idref="fl-10"/>
      </object_component>
      <object_component id="oc-13c">
         <name>.debug_line</name>
         <load_address>0x4aae</load_address>
         <run_address>0x4aae</run_address>
         <size>0xc2</size>
         <input_file_ref idref="fl-10"/>
      </object_component>
      <object_component id="oc-44">
         <name>.debug_line</name>
         <load_address>0x4b70</load_address>
         <run_address>0x4b70</run_address>
         <size>0x88</size>
         <input_file_ref idref="fl-c6"/>
      </object_component>
      <object_component id="oc-b4">
         <name>.debug_line</name>
         <load_address>0x4bf8</load_address>
         <run_address>0x4bf8</run_address>
         <size>0x79</size>
         <input_file_ref idref="fl-c7"/>
      </object_component>
      <object_component id="oc-128">
         <name>.debug_line</name>
         <load_address>0x4c71</load_address>
         <run_address>0x4c71</run_address>
         <size>0x90</size>
         <input_file_ref idref="fl-c8"/>
      </object_component>
      <object_component id="oc-58">
         <name>.debug_line</name>
         <load_address>0x4d01</load_address>
         <run_address>0x4d01</run_address>
         <size>0x4f</size>
         <input_file_ref idref="fl-c8"/>
      </object_component>
      <object_component id="oc-b0">
         <name>.debug_line</name>
         <load_address>0x4d50</load_address>
         <run_address>0x4d50</run_address>
         <size>0x34</size>
         <input_file_ref idref="fl-c8"/>
      </object_component>
      <object_component id="oc-125">
         <name>.debug_line</name>
         <load_address>0x4d84</load_address>
         <run_address>0x4d84</run_address>
         <size>0x90</size>
         <input_file_ref idref="fl-c8"/>
      </object_component>
      <object_component id="oc-ab">
         <name>.debug_line</name>
         <load_address>0x4e14</load_address>
         <run_address>0x4e14</run_address>
         <size>0x20</size>
         <input_file_ref idref="fl-c9"/>
      </object_component>
      <object_component id="oc-1c">
         <name>.debug_line</name>
         <load_address>0x4e34</load_address>
         <run_address>0x4e34</run_address>
         <size>0x55</size>
         <input_file_ref idref="fl-c9"/>
      </object_component>
      <object_component id="oc-4c">
         <name>.debug_line</name>
         <load_address>0x4e89</load_address>
         <run_address>0x4e89</run_address>
         <size>0x3a</size>
         <input_file_ref idref="fl-c9"/>
      </object_component>
      <object_component id="oc-a8">
         <name>.debug_line</name>
         <load_address>0x4ec3</load_address>
         <run_address>0x4ec3</run_address>
         <size>0x90</size>
         <input_file_ref idref="fl-c9"/>
      </object_component>
      <object_component id="oc-121">
         <name>.debug_line</name>
         <load_address>0x4f53</load_address>
         <run_address>0x4f53</run_address>
         <size>0x20</size>
         <input_file_ref idref="fl-ca"/>
      </object_component>
      <object_component id="oc-17">
         <name>.debug_line</name>
         <load_address>0x4f73</load_address>
         <run_address>0x4f73</run_address>
         <size>0xa9</size>
         <input_file_ref idref="fl-ca"/>
      </object_component>
      <object_component id="oc-3c">
         <name>.debug_line</name>
         <load_address>0x501c</load_address>
         <run_address>0x501c</run_address>
         <size>0x3a</size>
         <input_file_ref idref="fl-ca"/>
      </object_component>
      <object_component id="oc-11e">
         <name>.debug_line</name>
         <load_address>0x5056</load_address>
         <run_address>0x5056</run_address>
         <size>0x98</size>
         <input_file_ref idref="fl-ca"/>
      </object_component>
      <object_component id="oc-a1">
         <name>.debug_line</name>
         <load_address>0x50ee</load_address>
         <run_address>0x50ee</run_address>
         <size>0x94</size>
         <input_file_ref idref="fl-ca"/>
      </object_component>
      <object_component id="oc-74">
         <name>.debug_line</name>
         <load_address>0x5182</load_address>
         <run_address>0x5182</run_address>
         <size>0x33</size>
         <input_file_ref idref="fl-cb"/>
      </object_component>
      <object_component id="oc-62">
         <name>.debug_line</name>
         <load_address>0x51b5</load_address>
         <run_address>0x51b5</run_address>
         <size>0x45</size>
         <input_file_ref idref="fl-cb"/>
      </object_component>
      <object_component id="oc-27f">
         <name>.debug_line</name>
         <load_address>0x51fa</load_address>
         <run_address>0x51fa</run_address>
         <size>0xbd</size>
         <input_file_ref idref="fl-cc"/>
      </object_component>
      <object_component id="oc-189">
         <name>.debug_line</name>
         <load_address>0x52b7</load_address>
         <run_address>0x52b7</run_address>
         <size>0x6f</size>
         <input_file_ref idref="fl-cc"/>
      </object_component>
      <object_component id="oc-283">
         <name>.debug_line</name>
         <load_address>0x5326</load_address>
         <run_address>0x5326</run_address>
         <size>0x2e</size>
         <input_file_ref idref="fl-cc"/>
      </object_component>
      <object_component id="oc-297">
         <name>.debug_line</name>
         <load_address>0x5354</load_address>
         <run_address>0x5354</run_address>
         <size>0x98</size>
         <input_file_ref idref="fl-cc"/>
      </object_component>
      <object_component id="oc-288">
         <name>.debug_line</name>
         <load_address>0x53ec</load_address>
         <run_address>0x53ec</run_address>
         <size>0x95</size>
         <input_file_ref idref="fl-cc"/>
      </object_component>
      <object_component id="oc-28d">
         <name>.debug_line</name>
         <load_address>0x5481</load_address>
         <run_address>0x5481</run_address>
         <size>0x91</size>
         <input_file_ref idref="fl-cc"/>
      </object_component>
      <object_component id="oc-be">
         <name>.debug_line</name>
         <load_address>0x5512</load_address>
         <run_address>0x5512</run_address>
         <size>0x40</size>
         <input_file_ref idref="fl-cd"/>
      </object_component>
      <object_component id="oc-181">
         <name>.debug_line</name>
         <load_address>0x5552</load_address>
         <run_address>0x5552</run_address>
         <size>0x3c</size>
         <input_file_ref idref="fl-cf"/>
      </object_component>
      <object_component id="oc-dc">
         <name>.debug_frame</name>
         <load_address>0x0</load_address>
         <run_address>0x0</run_address>
         <size>0xbc</size>
         <input_file_ref idref="fl-2"/>
      </object_component>
      <object_component id="oc-e6">
         <name>.debug_frame</name>
         <load_address>0xbc</load_address>
         <run_address>0xbc</run_address>
         <size>0xb8</size>
         <input_file_ref idref="fl-3"/>
      </object_component>
      <object_component id="oc-c4">
         <name>.debug_frame</name>
         <load_address>0x174</load_address>
         <run_address>0x174</run_address>
         <size>0xfc0</size>
         <input_file_ref idref="fl-4"/>
      </object_component>
      <object_component id="oc-30">
         <name>.debug_frame</name>
         <load_address>0x1134</load_address>
         <run_address>0x1134</run_address>
         <size>0x110</size>
         <input_file_ref idref="fl-5"/>
      </object_component>
      <object_component id="oc-169">
         <name>.debug_frame</name>
         <load_address>0x1244</load_address>
         <run_address>0x1244</run_address>
         <size>0x49c</size>
         <input_file_ref idref="fl-7"/>
      </object_component>
      <object_component id="oc-7e">
         <name>.debug_frame</name>
         <load_address>0x16e0</load_address>
         <run_address>0x16e0</run_address>
         <size>0x724</size>
         <input_file_ref idref="fl-8"/>
      </object_component>
      <object_component id="oc-26">
         <name>.debug_frame</name>
         <load_address>0x1e04</load_address>
         <run_address>0x1e04</run_address>
         <size>0x90</size>
         <input_file_ref idref="fl-9"/>
      </object_component>
      <object_component id="oc-14a">
         <name>.debug_frame</name>
         <load_address>0x1e94</load_address>
         <run_address>0x1e94</run_address>
         <size>0x54</size>
         <input_file_ref idref="fl-f"/>
      </object_component>
      <object_component id="oc-205">
         <name>.debug_frame</name>
         <load_address>0x1ee8</load_address>
         <run_address>0x1ee8</run_address>
         <size>0x54</size>
         <input_file_ref idref="fl-10"/>
      </object_component>
      <object_component id="oc-141">
         <name>.debug_frame</name>
         <load_address>0x1f3c</load_address>
         <run_address>0x1f3c</run_address>
         <size>0x54</size>
         <input_file_ref idref="fl-10"/>
      </object_component>
      <object_component id="oc-130">
         <name>.debug_frame</name>
         <load_address>0x1f90</load_address>
         <run_address>0x1f90</run_address>
         <size>0x60</size>
         <input_file_ref idref="fl-10"/>
      </object_component>
      <object_component id="oc-136">
         <name>.debug_frame</name>
         <load_address>0x1ff0</load_address>
         <run_address>0x1ff0</run_address>
         <size>0x54</size>
         <input_file_ref idref="fl-10"/>
      </object_component>
      <object_component id="oc-13d">
         <name>.debug_frame</name>
         <load_address>0x2044</load_address>
         <run_address>0x2044</run_address>
         <size>0x54</size>
         <input_file_ref idref="fl-10"/>
      </object_component>
      <object_component id="oc-56">
         <name>.debug_frame</name>
         <load_address>0x2098</load_address>
         <run_address>0x2098</run_address>
         <size>0x54</size>
         <input_file_ref idref="fl-c8"/>
      </object_component>
      <object_component id="oc-1d">
         <name>.debug_frame</name>
         <load_address>0x20ec</load_address>
         <run_address>0x20ec</run_address>
         <size>0x54</size>
         <input_file_ref idref="fl-c9"/>
      </object_component>
      <object_component id="oc-16">
         <name>.debug_frame</name>
         <load_address>0x2140</load_address>
         <run_address>0x2140</run_address>
         <size>0x60</size>
         <input_file_ref idref="fl-ca"/>
      </object_component>
      <object_component id="oc-63">
         <name>.debug_frame</name>
         <load_address>0x21a0</load_address>
         <run_address>0x21a0</run_address>
         <size>0x50</size>
         <input_file_ref idref="fl-cb"/>
      </object_component>
      <object_component id="oc-18d">
         <name>.debug_frame</name>
         <load_address>0x21f0</load_address>
         <run_address>0x21f0</run_address>
         <size>0x5c</size>
         <input_file_ref idref="fl-cc"/>
      </object_component>
      <object_component id="oc-bd">
         <name>.debug_frame</name>
         <load_address>0x224c</load_address>
         <run_address>0x224c</run_address>
         <size>0x54</size>
         <input_file_ref idref="fl-cd"/>
      </object_component>
      <object_component id="oc-180">
         <name>.debug_frame</name>
         <load_address>0x22a0</load_address>
         <run_address>0x22a0</run_address>
         <size>0x54</size>
         <input_file_ref idref="fl-cf"/>
      </object_component>
      <object_component id="oc-1ed">
         <name>.debug_abbrev</name>
         <load_address>0x0</load_address>
         <run_address>0x0</run_address>
         <size>0xc6</size>
         <input_file_ref idref="fl-2"/>
      </object_component>
      <object_component id="oc-25c">
         <name>.debug_abbrev</name>
         <load_address>0xc6</load_address>
         <run_address>0xc6</run_address>
         <size>0x27</size>
         <input_file_ref idref="fl-2"/>
      </object_component>
      <object_component id="oc-258">
         <name>.debug_abbrev</name>
         <load_address>0xed</load_address>
         <run_address>0xed</run_address>
         <size>0x27</size>
         <input_file_ref idref="fl-2"/>
      </object_component>
      <object_component id="oc-25a">
         <name>.debug_abbrev</name>
         <load_address>0x114</load_address>
         <run_address>0x114</run_address>
         <size>0x27</size>
         <input_file_ref idref="fl-2"/>
      </object_component>
      <object_component id="oc-256">
         <name>.debug_abbrev</name>
         <load_address>0x13b</load_address>
         <run_address>0x13b</run_address>
         <size>0x27</size>
         <input_file_ref idref="fl-2"/>
      </object_component>
      <object_component id="oc-1dc">
         <name>.debug_abbrev</name>
         <load_address>0x162</load_address>
         <run_address>0x162</run_address>
         <size>0xdf</size>
         <input_file_ref idref="fl-2"/>
      </object_component>
      <object_component id="oc-108">
         <name>.debug_abbrev</name>
         <load_address>0x241</load_address>
         <run_address>0x241</run_address>
         <size>0x9f</size>
         <input_file_ref idref="fl-2"/>
      </object_component>
      <object_component id="oc-1c3">
         <name>.debug_abbrev</name>
         <load_address>0x2e0</load_address>
         <run_address>0x2e0</run_address>
         <size>0x5a</size>
         <input_file_ref idref="fl-2"/>
      </object_component>
      <object_component id="oc-9b">
         <name>.debug_abbrev</name>
         <load_address>0x33a</load_address>
         <run_address>0x33a</run_address>
         <size>0x69</size>
         <input_file_ref idref="fl-2"/>
      </object_component>
      <object_component id="oc-1cd">
         <name>.debug_abbrev</name>
         <load_address>0x3a3</load_address>
         <run_address>0x3a3</run_address>
         <size>0x70</size>
         <input_file_ref idref="fl-2"/>
      </object_component>
      <object_component id="oc-1f1">
         <name>.debug_abbrev</name>
         <load_address>0x413</load_address>
         <run_address>0x413</run_address>
         <size>0x4b</size>
         <input_file_ref idref="fl-2"/>
      </object_component>
      <object_component id="oc-40">
         <name>.debug_abbrev</name>
         <load_address>0x45e</load_address>
         <run_address>0x45e</run_address>
         <size>0x1f</size>
         <input_file_ref idref="fl-2"/>
      </object_component>
      <object_component id="oc-8a">
         <name>.debug_abbrev</name>
         <load_address>0x47d</load_address>
         <run_address>0x47d</run_address>
         <size>0x24</size>
         <input_file_ref idref="fl-2"/>
      </object_component>
      <object_component id="oc-118">
         <name>.debug_abbrev</name>
         <load_address>0x4a1</load_address>
         <run_address>0x4a1</run_address>
         <size>0x5c</size>
         <input_file_ref idref="fl-2"/>
      </object_component>
      <object_component id="oc-179">
         <name>.debug_abbrev</name>
         <load_address>0x4fd</load_address>
         <run_address>0x4fd</run_address>
         <size>0x24</size>
         <input_file_ref idref="fl-2"/>
      </object_component>
      <object_component id="oc-94">
         <name>.debug_abbrev</name>
         <load_address>0x521</load_address>
         <run_address>0x521</run_address>
         <size>0x24</size>
         <input_file_ref idref="fl-2"/>
      </object_component>
      <object_component id="oc-8f">
         <name>.debug_abbrev</name>
         <load_address>0x545</load_address>
         <run_address>0x545</run_address>
         <size>0x24</size>
         <input_file_ref idref="fl-2"/>
[...]
      <symbol id="sm-42e">
         <name>vPortExitCritical</name>
         <value>0x521d</value>
         <object_component_ref idref="oc-2f"/>
      </symbol>
      <symbol id="sm-42f">
         <name>xPortStartScheduler</name>
         <value>0x5167</value>
         <object_component_ref idref="oc-2f"/>
      </symbol>
      <symbol id="sm-430">
         <name>vPortEnterCritical</name>
         <value>0x51fd</value>
         <object_component_ref idref="oc-2f"/>
      </symbol>
      <symbol id="sm-43f">
         <name>vPortStartFirstTask</name>
         <value>0x5655</value>
         <object_component_ref idref="oc-2a"/>
      </symbol>
      <symbol id="sm-440">
         <name>ulPortGetIPSR</name>
         <value>0x55bd</value>
         <object_component_ref idref="oc-2a"/>
      </symbol>
      <symbol id="sm-441">
         <name>vPortEnableVFP</name>
         <value>0x5679</value>
         <object_component_ref idref="oc-2a"/>
      </symbol>
      <symbol id="sm-442">
         <name>xPortPendSVHandler</name>
         <value>0x55d5</value>
         <object_component_ref idref="oc-2a"/>
      </symbol>
      <symbol id="sm-443">
         <name>vPortSVCHandler</name>
         <value>0x5635</value>
         <object_component_ref idref="oc-2a"/>
      </symbol>
      <symbol id="sm-523">
         <name>xQueueRegistry</name>
         <value>0x200050f0</value>
      </symbol>
      <symbol id="sm-524">
         <name>xQueuePeekFromISR</name>
         <value>0x4bb1</value>
         <object_component_ref idref="oc-165"/>
      </symbol>
      <symbol id="sm-525">
         <name>xQueueIsQueueEmptyFromISR</name>
         <value>0x4e99</value>
         <object_component_ref idref="oc-165"/>
      </symbol>
      <symbol id="sm-526">
         <name>xQueueGenericSendFromISR</name>
         <value>0x45e1</value>
         <object_component_ref idref="oc-165"/>
      </symbol>
      <symbol id="sm-527">
         <name>uxQueueMessagesWaiting</name>
         <value>0x4c07</value>
         <object_component_ref idref="oc-165"/>
      </symbol>
      <symbol id="sm-528">
         <name>vQueueAddToRegistry</name>
         <value>0x4f05</value>
         <object_component_ref idref="oc-165"/>
      </symbol>
      <symbol id="sm-529">
         <name>xQueueIsQueueFullFromISR</name>
         <value>0x4edf</value>
         <object_component_ref idref="oc-165"/>
      </symbol>
      <symbol id="sm-52a">
         <name>xQueueSelectFromSet</name>
         <value>0x5055</value>
         <object_component_ref idref="oc-165"/>
      </symbol>
      <symbol id="sm-52b">
         <name>xQueueGenericCreate</name>
         <value>0x42ed</value>
         <object_component_ref idref="oc-165"/>
      </symbol>
      <symbol id="sm-52c">
         <name>xQueueSelectFromSetFromISR</name>
         <value>0x5071</value>
         <object_component_ref idref="oc-165"/>
      </symbol>
      <symbol id="sm-52d">
         <name>xQueueCreateMutex</name>
         <value>0x43a7</value>
         <object_component_ref idref="oc-165"/>
      </symbol>
      <symbol id="sm-52e">
         <name>vQueueSetQueueNumber</name>
         <value>0x4c77</value>
         <object_component_ref idref="oc-165"/>
      </symbol>
      <symbol id="sm-52f">
         <name>xQueueGenericSend</name>
         <value>0x4477</value>
         <object_component_ref idref="oc-165"/>
      </symbol>
      <symbol id="sm-530">
         <name>xQueueGenericReset</name>
         <value>0x424d</value>
         <object_component_ref idref="oc-165"/>
      </symbol>
      <symbol id="sm-531">
         <name>xQueueReceiveFromISR</name>
         <value>0x4b13</value>
         <object_component_ref idref="oc-165"/>
      </symbol>
      <symbol id="sm-532">
         <name>uxQueueSpacesAvailable</name>
         <value>0x4c1d</value>
         <object_component_ref idref="oc-165"/>
      </symbol>
      <symbol id="sm-533">
         <name>xQueueGiveMutexRecursive</name>
         <value>0x43d3</value>
         <object_component_ref idref="oc-165"/>
      </symbol>
      <symbol id="sm-534">
         <name>xQueueSemaphoreTake</name>
         <value>0x4887</value>
         <object_component_ref idref="oc-165"/>
      </symbol>
      <symbol id="sm-535">
         <name>vQueueUnregisterQueue</name>
         <value>0x4f87</value>
         <object_component_ref idref="oc-165"/>
      </symbol>
      <symbol id="sm-536">
         <name>xQueueGiveFromISR</name>
         <value>0x46ad</value>
         <object_component_ref idref="oc-165"/>
      </symbol>
      <symbol id="sm-537">
         <name>uxQueueMessagesWaitingFromISR</name>
         <value>0x4c3d</value>
         <object_component_ref idref="oc-165"/>
      </symbol>
      <symbol id="sm-538">
         <name>uxQueueGetQueueNumber</name>
         <value>0x4c69</value>
         <object_component_ref idref="oc-165"/>
      </symbol>
      <symbol id="sm-539">
         <name>xQueueTakeMutexRecursive</name>
         <value>0x440f</value>
         <object_component_ref idref="oc-165"/>
      </symbol>
      <symbol id="sm-53a">
         <name>xQueueCreateCountingSemaphore</name>
         <value>0x4457</value>
         <object_component_ref idref="oc-165"/>
      </symbol>
      <symbol id="sm-53b">
         <name>vQueueDelete</name>
         <value>0x4c53</value>
         <object_component_ref idref="oc-165"/>
      </symbol>
      <symbol id="sm-53c">
         <name>xQueuePeek</name>
         <value>0x49e9</value>
         <object_component_ref idref="oc-165"/>
      </symbol>
      <symbol id="sm-53d">
         <name>xQueueAddToSet</name>
         <value>0x4fdf</value>
         <object_component_ref idref="oc-165"/>
      </symbol>
      <symbol id="sm-53e">
         <name>xQueueReceive</name>
         <value>0x475f</value>
         <object_component_ref idref="oc-165"/>
      </symbol>
      <symbol id="sm-53f">
         <name>xQueueCreateSet</name>
         <value>0x4fcb</value>
         <object_component_ref idref="oc-165"/>
      </symbol>
      <symbol id="sm-540">
         <name>pcQueueGetName</name>
         <value>0x4f47</value>
         <object_component_ref idref="oc-165"/>
      </symbol>
      <symbol id="sm-541">
         <name>xQueueRemoveFromSet</name>
         <value>0x5013</value>
         <object_component_ref idref="oc-165"/>
      </symbol>
      <symbol id="sm-542">
         <name>ucQueueGetQueueType</name>
         <value>0x4c89</value>
         <object_component_ref idref="oc-165"/>
      </symbol>
      <symbol id="sm-76d">
         <name>vTaskDelay</name>
         <value>0x2927</value>
         <object_component_ref idref="oc-7c"/>
      </symbol>
      <symbol id="sm-76e">
         <name>vTaskSuspendAll</name>
         <value>0x2e5d</value>
         <object_component_ref idref="oc-7c"/>
      </symbol>
      <symbol id="sm-76f">
         <name>vTaskPlaceOnEventList</name>
         <value>0x3471</value>
         <object_component_ref idref="oc-7c"/>
      </symbol>
      <symbol id="sm-770">
         <name>vTaskSetTaskNumber</name>
         <value>0x36db</value>
         <object_component_ref idref="oc-7c"/>
      </symbol>
      <symbol id="sm-771">
         <name>uxTaskPriorityGetFromISR</name>
         <value>0x2a61</value>
         <object_component_ref idref="oc-7c"/>
      </symbol>
      <symbol id="sm-772">
         <name>pcTaskGetName</name>
         <value>0x2fb7</value>
         <object_component_ref idref="oc-7c"/>
      </symbol>
      <symbol id="sm-773">
         <name>xTaskCheckForTimeOut</name>
         <value>0x3607</value>
         <object_component_ref idref="oc-7c"/>
      </symbol>
      <symbol id="sm-774">
         <name>vTaskGenericNotifyGiveFromISR</name>
         <value>0x402f</value>
         <object_component_ref idref="oc-7c"/>
      </symbol>
      <symbol id="sm-775">
         <name>vTaskRemoveFromUnorderedEventList</name>
         <value>0x355d</value>
         <object_component_ref idref="oc-7c"/>
      </symbol>
      <symbol id="sm-776">
         <name>vTaskPrioritySet</name>
         <value>0x2aad</value>
         <object_component_ref idref="oc-7c"/>
      </symbol>
      <symbol id="sm-777">
         <name>xTaskPriorityDisinherit</name>
         <value>0x3adb</value>
         <object_component_ref idref="oc-7c"/>
      </symbol>
      <symbol id="sm-778">
         <name>xTaskAbortDelay</name>
         <value>0x3249</value>
         <object_component_ref idref="oc-7c"/>
      </symbol>
      <symbol id="sm-779">
         <name>vTaskStartScheduler</name>
         <value>0x2df1</value>
         <object_component_ref idref="oc-7c"/>
      </symbol>
      <symbol id="sm-77a">
         <name>vTaskInternalSetTimeOutState</name>
         <value>0x35ed</value>
         <object_component_ref idref="oc-7c"/>
      </symbol>
      <symbol id="sm-77b">
         <name>pvTaskIncrementMutexHeldCount</name>
         <value>0x3c3f</value>
         <object_component_ref idref="oc-7c"/>
      </symbol>
      <symbol id="sm-77c">
         <name>uxTaskGetStackHighWaterMark</name>
         <value>0x3951</value>
         <object_component_ref idref="oc-7c"/>
      </symbol>
      <symbol id="sm-77d">
         <name>xTaskGenericNotifyStateClear</name>
         <value>0x40f3</value>
         <object_component_ref idref="oc-7c"/>
      </symbol>
      <symbol id="sm-77e">
         <name>xTaskGenericNotify</name>
         <value>0x3ddd</value>
         <object_component_ref idref="oc-7c"/>
      </symbol>
      <symbol id="sm-77f">
         <name>vTaskPriorityDisinheritAfterTimeout</name>
         <value>0x3b61</value>
         <object_component_ref idref="oc-7c"/>
      </symbol>
      <symbol id="sm-780">
         <name>xTaskCreate</name>
         <value>0x25c9</value>
         <object_component_ref idref="oc-7c"/>
      </symbol>
      <symbol id="sm-781">
         <name>vTaskDelayUntil</name>
         <value>0x2879</value>
         <object_component_ref idref="oc-7c"/>
      </symbol>
      <symbol id="sm-782">
         <name>uxTaskGetTaskNumber</name>
         <value>0x36bb</value>
         <object_component_ref idref="oc-7c"/>
      </symbol>
      <symbol id="sm-783">
         <name>vTaskEndScheduler</name>
         <value>0x2e41</value>
         <object_component_ref idref="oc-7c"/>
      </symbol>
      <symbol id="sm-784">
         <name>vTaskMissedYield</name>
         <value>0x36b3</value>
         <object_component_ref idref="oc-7c"/>
      </symbol>
      <symbol id="sm-785">
         <name>uxTaskGetNumberOfTasks</name>
         <value>0x2fb1</value>
         <object_component_ref idref="oc-7c"/>
      </symbol>
      <symbol id="sm-786">
         <name>xTaskCatchUpTicks</name>
         <value>0x3221</value>
         <object_component_ref idref="oc-7c"/>
      </symbol>
      <symbol id="sm-787">
         <name>xTaskGenericNotifyFromISR</name>
         <value>0x3ef9</value>
         <object_component_ref idref="oc-7c"/>
      </symbol>
      <symbol id="sm-788">
         <name>vTaskGetInfo</name>
         <value>0x37bd</value>
         <object_component_ref idref="oc-7c"/>
      </symbol>
      <symbol id="sm-789">
         <name>uxTaskPriorityGet</name>
         <value>0x2a35</value>
         <object_component_ref idref="oc-7c"/>
      </symbol>
      <symbol id="sm-78a">
         <name>xTaskResumeAll</name>
         <value>0x2e71</value>
         <object_component_ref idref="oc-7c"/>
      </symbol>
      <symbol id="sm-78b">
         <name>xTaskGetHandle</name>
         <value>0x30bd</value>
         <object_component_ref idref="oc-7c"/>
      </symbol>
      <symbol id="sm-78c">
         <name>xTaskGetTickCount</name>
         <value>0x2f65</value>
         <object_component_ref idref="oc-7c"/>
      </symbol>
      <symbol id="sm-78d">
         <name>ulTaskGenericNotifyTake</name>
         <value>0x3c65</value>
         <object_component_ref idref="oc-7c"/>
      </symbol>
      <symbol id="sm-78e">
         <name>uxTaskGetSystemState</name>
         <value>0x3149</value>
         <object_component_ref idref="oc-7c"/>
      </symbol>
      <symbol id="sm-78f">
         <name>vTaskDelete</name>
         <value>0x27e9</value>
         <object_component_ref idref="oc-7c"/>
      </symbol>
      <symbol id="sm-790">
         <name>ulTaskGenericNotifyValueClear</name>
         <value>0x4145</value>
         <object_component_ref idref="oc-7c"/>
      </symbol>
      <symbol id="sm-791">
         <name>xTaskGenericNotifyWait</name>
         <value>0x3d15</value>
         <object_component_ref idref="oc-7c"/>
      </symbol>
      <symbol id="sm-792">
         <name>pxCurrentTCB</name>
         <value>0x200053c0</value>
         <object_component_ref idref="oc-76"/>
      </symbol>
      <symbol id="sm-793">
         <name>eTaskGetState</name>
         <value>0x296d</value>
         <object_component_ref idref="oc-7c"/>
      </symbol>
      <symbol id="sm-794">
         <name>vTaskSuspend</name>
         <value>0x2bc1</value>
         <object_component_ref idref="oc-7c"/>
      </symbol>
      <symbol id="sm-795">
         <name>xTaskGetIdleTaskHandle</name>
         <value>0x321b</value>
         <object_component_ref idref="oc-7c"/>
      </symbol>
      <symbol id="sm-796">
         <name>xTaskGetTickCountFromISR</name>
         <value>0x2f7d</value>
         <object_component_ref idref="oc-7c"/>
      </symbol>
      <symbol id="sm-797">
         <name>vTaskResume</name>
         <value>0x2cd5</value>
         <object_component_ref idref="oc-7c"/>
      </symbol>
      <symbol id="sm-798">
         <name>vTaskSetTimeOutState</name>
         <value>0x35c5</value>
         <object_component_ref idref="oc-7c"/>
      </symbol>
      <symbol id="sm-799">
         <name>xTaskIncrementTick</name>
         <value>0x32dd</value>
         <object_component_ref idref="oc-7c"/>
      </symbol>
      <symbol id="sm-79a">
         <name>vTaskSwitchContext</name>
         <value>0x33eb</value>
         <object_component_ref idref="oc-7c"/>
      </symbol>
      <symbol id="sm-79b">
         <name>uxTaskResetEventItemValue</name>
         <value>0x3c19</value>
         <object_component_ref idref="oc-7c"/>
      </symbol>
      <symbol id="sm-79c">
         <name>xTaskGetSchedulerState</name>
         <value>0x39e1</value>
         <object_component_ref idref="oc-7c"/>
      </symbol>
      <symbol id="sm-79d">
         <name>xTaskResumeFromISR</name>
         <value>0x2d53</value>
         <object_component_ref idref="oc-7c"/>
      </symbol>
      <symbol id="sm-79e">
         <name>xTaskGetCurrentTaskHandle</name>
         <value>0x39c1</value>
         <object_component_ref idref="oc-7c"/>
      </symbol>
      <symbol id="sm-79f">
         <name>vTaskPlaceOnUnorderedEventList</name>
         <value>0x3491</value>
         <object_component_ref idref="oc-7c"/>
      </symbol>
      <symbol id="sm-7a0">
         <name>xTaskRemoveFromEventList</name>
         <value>0x34cd</value>
         <object_component_ref idref="oc-7c"/>
      </symbol>
      <symbol id="sm-7a1">
         <name>xTaskPriorityInherit</name>
         <value>0x3a1d</value>
         <object_component_ref idref="oc-7c"/>
      </symbol>
      <symbol id="sm-7bd">
         <name>ResetISR</name>
         <value>0x59af</value>
         <object_component_ref idref="oc-24"/>
      </symbol>
      <symbol id="sm-7be">
         <name>g_pfnVectors</name>
         <value>0x0</value>
         <object_component_ref idref="oc-f"/>
      </symbol>
      <symbol id="sm-7c8">
         <name>CPUwfi</name>
         <value>0x59c1</value>
         <object_component_ref idref="oc-146"/>
      </symbol>
      <symbol id="sm-828">
         <name>IntEnable</name>
         <value>0x5805</value>
         <object_component_ref idref="oc-134"/>
      </symbol>
      <symbol id="sm-829">
         <name>IntDisable</name>
         <value>0x579d</value>
         <object_component_ref idref="oc-13a"/>
      </symbol>
      <symbol id="sm-82a">
         <name>IntRegister</name>
         <value>0x5919</value>
         <object_component_ref idref="oc-12e"/>
      </symbol>
      <symbol id="sm-82b">
         <name>IntUnregister</name>
         <value>0x5981</value>
         <object_component_ref idref="oc-140"/>
      </symbol>
      <symbol id="sm-82c">
         <name>g_pfnRAMVectors</name>
         <value>0x20000000</value>
         <object_component_ref idref="oc-1f6"/>
      </symbol>
      <symbol id="sm-847">
         <name>memcpy</name>
         <value>0x5687</value>
         <object_component_ref idref="oc-43"/>
      </symbol>
      <symbol id="sm-848">
         <name>__aeabi_memcpy</name>
         <value>0x5687</value>
         <object_component_ref idref="oc-43"/>
      </symbol>
      <symbol id="sm-849">
         <name>__aeabi_memcpy8</name>
         <value>0x5687</value>
         <object_component_ref idref="oc-43"/>
      </symbol>
      <symbol id="sm-84a">
         <name>__aeabi_memcpy4</name>
         <value>0x5687</value>
         <object_component_ref idref="oc-43"/>
      </symbol>
      <symbol id="sm-859">
         <name>__aeabi_memset</name>
         <value>0x5725</value>
         <object_component_ref idref="oc-b3"/>
      </symbol>
      <symbol id="sm-85a">
         <name>memset</name>
         <value>0x572b</value>
         <object_component_ref idref="oc-b3"/>
      </symbol>
      <symbol id="sm-85b">
         <name>__aeabi_memset8</name>
         <value>0x5725</value>
         <object_component_ref idref="oc-b3"/>
      </symbol>
      <symbol id="sm-85c">
         <name>__aeabi_memset4</name>
         <value>0x5725</value>
         <object_component_ref idref="oc-b3"/>
      </symbol>
      <symbol id="sm-85d">
         <name>__aeabi_memclr8</name>
         <value>0x5723</value>
         <object_component_ref idref="oc-b3"/>
      </symbol>
      <symbol id="sm-85e">
         <name>__aeabi_memclr4</name>
         <value>0x5723</value>
         <object_component_ref idref="oc-b3"/>
      </symbol>
      <symbol id="sm-85f">
         <name>__aeabi_memclr</name>
         <value>0x5723</value>
         <object_component_ref idref="oc-b3"/>
      </symbol>
      <symbol id="sm-876">
         <name>__TI_zero_init</name>
         <value>0x59a3</value>
         <object_component_ref idref="oc-55"/>
      </symbol>
      <symbol id="sm-88d">
         <name>__TI_decompress_none</name>
         <value>0x5995</value>
         <object_component_ref idref="oc-18"/>
      </symbol>
      <symbol id="sm-8b0">
         <name>__TI_decompress_lzss</name>
         <value>0x586d</value>
         <object_component_ref idref="oc-12"/>
      </symbol>
      <symbol id="sm-8c3">
         <name>__stack</name>
         <value>0x200051c0</value>
         <object_component_ref idref="oc-21"/>
      </symbol>
      <symbol id="sm-8c4">
         <name>_c_int00_noargs</name>
         <value>0x594d</value>
         <object_component_ref idref="oc-61"/>
      </symbol>
      <symbol id="sm-8ec">
         <name>__TI_auto_init_nobinit_nopinit</name>
         <value>0x58d5</value>
         <object_component_ref idref="oc-188"/>
      </symbol>
      <symbol id="sm-8f6">
         <name>_system_pre_init</name>
         <value>0x59c5</value>
         <object_component_ref idref="oc-b9"/>
      </symbol>
      <symbol id="sm-902">
         <name>C$$EXIT</name>
         <value>0x59c9</value>
         <object_component_ref idref="oc-17c"/>
      </symbol>
      <symbol id="sm-903">
         <name>abort</name>
         <value>0x59c9</value>
         <object_component_ref idref="oc-17c"/>
      </symbol>
      <symbol id="sm-906">
         <name>__TI_static_base__</name>
         <value>0x0</value>
      </symbol>
      <symbol id="sm-909">
         <name>__mpu_init</name>
         <value>0x0</value>
      </symbol>
      <symbol id="sm-90a">
         <name>_system_post_cinit</name>
         <value>0x0</value>
      </symbol>
   </symbol_table>
   <title>Link successful</title>
</link_info>
